Component: ARM Compiler 5.06 update 6 (build 750) Tool: armlink [4d35ed]

==============================================================================

Section Cross References

    glcd_scroll.o(i.append_char) refers to glcd_scroll.o(i.refresh_lcd) for refresh_lcd
    glcd_scroll.o(i.append_char) refers to glcd_spi_lpc1700.o(i.GLCD_DisplayChar) for GLCD_DisplayChar
    glcd_scroll.o(i.append_char) refers to glcd_scroll.o(i.last_line) for last_line
    glcd_scroll.o(i.append_char) refers to glcd_scroll.o(.data) for last_col_cahche
    glcd_scroll.o(i.append_char) refers to glcd_scroll.o(.bss) for chache
    glcd_scroll.o(i.init_scroll) refers to glcd_spi_lpc1700.o(i.GLCD_Init) for GLCD_Init
    glcd_scroll.o(i.init_scroll) refers to glcd_spi_lpc1700.o(i.GLCD_Clear) for GLCD_Clear
    glcd_scroll.o(i.init_scroll) refers to glcd_spi_lpc1700.o(i.GLCD_SetBackColor) for GLCD_SetBackColor
    glcd_scroll.o(i.init_scroll) refers to glcd_spi_lpc1700.o(i.GLCD_SetTextColor) for GLCD_SetTextColor
    glcd_scroll.o(i.init_scroll) refers to glcd_scroll.o(.data) for cache_start
    glcd_scroll.o(i.joyStickBusyWaitingMonitor) refers to glcd_scroll.o(i.moveUp) for moveUp
    glcd_scroll.o(i.joyStickBusyWaitingMonitor) refers to glcd_scroll.o(i.moveDown) for moveDown
    glcd_scroll.o(i.joyStickBusyWaitingMonitor) refers to glcd_scroll.o(i.moveFirst) for moveFirst
    glcd_scroll.o(i.joyStickBusyWaitingMonitor) refers to glcd_scroll.o(i.moveLast) for moveLast
    glcd_scroll.o(i.last_line) refers to glcd_scroll.o(.data) for cache_start
    glcd_scroll.o(i.last_window_line) refers to glcd_scroll.o(.data) for window_start
    glcd_scroll.o(i.moveDown) refers to glcd_scroll.o(i.last_line) for last_line
    glcd_scroll.o(i.moveDown) refers to glcd_scroll.o(i.last_window_line) for last_window_line
    glcd_scroll.o(i.moveDown) refers to glcd_scroll.o(i.refresh_lcd) for refresh_lcd
    glcd_scroll.o(i.moveDown) refers to glcd_scroll.o(.data) for window_start
    glcd_scroll.o(i.moveFirst) refers to glcd_scroll.o(i.refresh_lcd) for refresh_lcd
    glcd_scroll.o(i.moveFirst) refers to glcd_scroll.o(.data) for window_start
    glcd_scroll.o(i.moveLast) refers to glcd_scroll.o(i.last_line) for last_line
    glcd_scroll.o(i.moveLast) refers to glcd_scroll.o(i.last_window_line) for last_window_line
    glcd_scroll.o(i.moveLast) refers to glcd_scroll.o(i.refresh_lcd) for refresh_lcd
    glcd_scroll.o(i.moveLast) refers to glcd_scroll.o(.data) for cache_size
    glcd_scroll.o(i.moveUp) refers to glcd_scroll.o(i.refresh_lcd) for refresh_lcd
    glcd_scroll.o(i.moveUp) refers to glcd_scroll.o(.data) for window_start
    glcd_scroll.o(i.print_string) refers to glcd_scroll.o(i.print_text) for print_text
    glcd_scroll.o(i.print_text) refers to glcd_scroll.o(i.append_char) for append_char
    glcd_scroll.o(i.refresh_lcd) refers to glcd_spi_lpc1700.o(i.GLCD_Clear) for GLCD_Clear
    glcd_scroll.o(i.refresh_lcd) refers to glcd_spi_lpc1700.o(i.GLCD_DisplayString) for GLCD_DisplayString
    glcd_scroll.o(i.refresh_lcd) refers to glcd_scroll.o(.data) for window_start
    glcd_scroll.o(i.refresh_lcd) refers to glcd_scroll.o(.bss) for chache
    glcd_spi_lpc1700.o(i.GLCD_Bargraph) refers to glcd_spi_lpc1700.o(i.GLCD_SetWindow) for GLCD_SetWindow
    glcd_spi_lpc1700.o(i.GLCD_Bargraph) refers to glcd_spi_lpc1700.o(i.wr_cmd) for wr_cmd
    glcd_spi_lpc1700.o(i.GLCD_Bargraph) refers to glcd_spi_lpc1700.o(i.wr_dat_start) for wr_dat_start
    glcd_spi_lpc1700.o(i.GLCD_Bargraph) refers to glcd_spi_lpc1700.o(i.wr_dat_only) for wr_dat_only
    glcd_spi_lpc1700.o(i.GLCD_Bargraph) refers to glcd_spi_lpc1700.o(i.wr_dat_stop) for wr_dat_stop
    glcd_spi_lpc1700.o(i.GLCD_Bargraph) refers to glcd_spi_lpc1700.o(.data) for Color
    glcd_spi_lpc1700.o(i.GLCD_Bitmap) refers to glcd_spi_lpc1700.o(i.GLCD_SetWindow) for GLCD_SetWindow
    glcd_spi_lpc1700.o(i.GLCD_Bitmap) refers to glcd_spi_lpc1700.o(i.wr_cmd) for wr_cmd
    glcd_spi_lpc1700.o(i.GLCD_Bitmap) refers to glcd_spi_lpc1700.o(i.wr_dat_start) for wr_dat_start
    glcd_spi_lpc1700.o(i.GLCD_Bitmap) refers to glcd_spi_lpc1700.o(i.wr_dat_only) for wr_dat_only
    glcd_spi_lpc1700.o(i.GLCD_Bitmap) refers to glcd_spi_lpc1700.o(i.wr_dat_stop) for wr_dat_stop
    glcd_spi_lpc1700.o(i.GLCD_Clear) refers to glcd_spi_lpc1700.o(i.GLCD_WindowMax) for GLCD_WindowMax
    glcd_spi_lpc1700.o(i.GLCD_Clear) refers to glcd_spi_lpc1700.o(i.wr_cmd) for wr_cmd
    glcd_spi_lpc1700.o(i.GLCD_Clear) refers to glcd_spi_lpc1700.o(i.wr_dat_start) for wr_dat_start
    glcd_spi_lpc1700.o(i.GLCD_Clear) refers to glcd_spi_lpc1700.o(i.wr_dat_only) for wr_dat_only
    glcd_spi_lpc1700.o(i.GLCD_Clear) refers to glcd_spi_lpc1700.o(i.wr_dat_stop) for wr_dat_stop
    glcd_spi_lpc1700.o(i.GLCD_ClearLn) refers to glcd_spi_lpc1700.o(i.GLCD_WindowMax) for GLCD_WindowMax
    glcd_spi_lpc1700.o(i.GLCD_ClearLn) refers to glcd_spi_lpc1700.o(i.GLCD_DisplayString) for GLCD_DisplayString
[...]
    Removing rtx_mutex.o(.ARM.exidx.text.osMutexDelete), (8 bytes).
    Removing rtx_mutex.o(.text.svcRtxMutexNew), (104 bytes).
    Removing rtx_mutex.o(.ARM.exidx.text.svcRtxMutexNew), (8 bytes).
    Removing rtx_mutex.o(.text.svcRtxMutexGetName), (16 bytes).
    Removing rtx_mutex.o(.ARM.exidx.text.svcRtxMutexGetName), (8 bytes).
    Removing rtx_mutex.o(.text.svcRtxMutexAcquire), (144 bytes).
    Removing rtx_mutex.o(.ARM.exidx.text.svcRtxMutexAcquire), (8 bytes).
    Removing rtx_mutex.o(.text.svcRtxMutexRelease), (180 bytes).
    Removing rtx_mutex.o(.ARM.exidx.text.svcRtxMutexRelease), (8 bytes).
    Removing rtx_mutex.o(.text.svcRtxMutexGetOwner), (20 bytes).
    Removing rtx_mutex.o(.ARM.exidx.text.svcRtxMutexGetOwner), (8 bytes).
    Removing rtx_mutex.o(.text.svcRtxMutexDelete), (176 bytes).
    Removing rtx_mutex.o(.ARM.exidx.text.svcRtxMutexDelete), (8 bytes).
    Removing rtx_memory.o(.text), (0 bytes).
    Removing rtx_memory.o(.ARM.exidx.text.osRtxMemoryInit), (8 bytes).
    Removing rtx_memory.o(.ARM.exidx.text.osRtxMemoryAlloc), (8 bytes).
    Removing rtx_memory.o(.ARM.exidx.text.osRtxMemoryFree), (8 bytes).
    Removing rtx_mempool.o(.text), (0 bytes).
    Removing rtx_mempool.o(.ARM.exidx.text.osRtxMemoryPoolInit), (8 bytes).
    Removing rtx_mempool.o(.ARM.exidx.text.osRtxMemoryPoolAlloc), (8 bytes).
    Removing rtx_mempool.o(.ARM.exidx.text.osRtxMemoryPoolFree), (8 bytes).
    Removing rtx_mempool.o(.text.osMemoryPoolNew), (36 bytes).
    Removing rtx_mempool.o(.ARM.exidx.text.osMemoryPoolNew), (8 bytes).
    Removing rtx_mempool.o(.text.osMemoryPoolGetName), (36 bytes).
    Removing rtx_mempool.o(.ARM.exidx.text.osMemoryPoolGetName), (8 bytes).
    Removing rtx_mempool.o(.text.osMemoryPoolAlloc), (104 bytes).
    Removing rtx_mempool.o(.ARM.exidx.text.osMemoryPoolAlloc), (8 bytes).
    Removing rtx_mempool.o(.text.osMemoryPoolFree), (72 bytes).
    Removing rtx_mempool.o(.ARM.exidx.text.osMemoryPoolFree), (8 bytes).
    Removing rtx_mempool.o(.text.osMemoryPoolGetCapacity), (48 bytes).
    Removing rtx_mempool.o(.ARM.exidx.text.osMemoryPoolGetCapacity), (8 bytes).
    Removing rtx_mempool.o(.text.svcRtxMemoryPoolGetCapacity), (16 bytes).
    Removing rtx_mempool.o(.ARM.exidx.text.svcRtxMemoryPoolGetCapacity), (8 bytes).
    Removing rtx_mempool.o(.text.osMemoryPoolGetBlockSize), (48 bytes).
    Removing rtx_mempool.o(.ARM.exidx.text.osMemoryPoolGetBlockSize), (8 bytes).
    Removing rtx_mempool.o(.text.svcRtxMemoryPoolGetBlockSize), (16 bytes).
    Removing rtx_mempool.o(.ARM.exidx.text.svcRtxMemoryPoolGetBlockSize), (8 bytes).
    Removing rtx_mempool.o(.text.osMemoryPoolGetCount), (48 bytes).
    Removing rtx_mempool.o(.ARM.exidx.text.osMemoryPoolGetCount), (8 bytes).
    Removing rtx_mempool.o(.text.svcRtxMemoryPoolGetCount), (16 bytes).
    Removing rtx_mempool.o(.ARM.exidx.text.svcRtxMemoryPoolGetCount), (8 bytes).
    Removing rtx_mempool.o(.text.osMemoryPoolGetSpace), (36 bytes).
    Removing rtx_mempool.o(.ARM.exidx.text.osMemoryPoolGetSpace), (8 bytes).
    Removing rtx_mempool.o(.text.svcRtxMemoryPoolGetSpace), (20 bytes).
    Removing rtx_mempool.o(.ARM.exidx.text.svcRtxMemoryPoolGetSpace), (8 bytes).
    Removing rtx_mempool.o(.text.osMemoryPoolDelete), (36 bytes).
    Removing rtx_mempool.o(.ARM.exidx.text.osMemoryPoolDelete), (8 bytes).
    Removing rtx_mempool.o(.text.svcRtxMemoryPoolNew), (312 bytes).
    Removing rtx_mempool.o(.ARM.exidx.text.svcRtxMemoryPoolNew), (8 bytes).
    Removing rtx_mempool.o(.text.osRtxMemoryPoolPostProcess), (72 bytes).
    Removing rtx_mempool.o(.ARM.exidx.text.osRtxMemoryPoolPostProcess), (8 bytes).
    Removing rtx_mempool.o(.text.svcRtxMemoryPoolGetName), (16 bytes).
    Removing rtx_mempool.o(.ARM.exidx.text.svcRtxMemoryPoolGetName), (8 bytes).
    Removing rtx_mempool.o(.text.svcRtxMemoryPoolAlloc), (92 bytes).
    Removing rtx_mempool.o(.ARM.exidx.text.svcRtxMemoryPoolAlloc), (8 bytes).
    Removing rtx_mempool.o(.text.svcRtxMemoryPoolFree), (100 bytes).
    Removing rtx_mempool.o(.ARM.exidx.text.svcRtxMemoryPoolFree), (8 bytes).
    Removing rtx_mempool.o(.text.svcRtxMemoryPoolDelete), (108 bytes).
    Removing rtx_mempool.o(.ARM.exidx.text.svcRtxMemoryPoolDelete), (8 bytes).
    Removing rtx_msgqueue.o(.text), (0 bytes).
    Removing rtx_msgqueue.o(.ARM.exidx.text.osRtxMessageQueueTimerSetup), (8 bytes).
    Removing rtx_msgqueue.o(.ARM.exidx.text.svcRtxMessageQueueNew), (8 bytes).
    Removing rtx_msgqueue.o(.text.osMessageQueueNew), (36 bytes).
    Removing rtx_msgqueue.o(.ARM.exidx.text.osMessageQueueNew), (8 bytes).
    Removing rtx_msgqueue.o(.text.osMessageQueueGetName), (36 bytes).
    Removing rtx_msgqueue.o(.ARM.exidx.text.osMessageQueueGetName), (8 bytes).
    Removing rtx_msgqueue.o(.ARM.exidx.text.osMessageQueuePut), (8 bytes).
    Removing rtx_msgqueue.o(.ARM.exidx.text.osMessageQueueGet), (8 bytes).
    Removing rtx_msgqueue.o(.text.osMessageQueueGetCapacity), (48 bytes).
    Removing rtx_msgqueue.o(.ARM.exidx.text.osMessageQueueGetCapacity), (8 bytes).
    Removing rtx_msgqueue.o(.text.svcRtxMessageQueueGetCapacity), (16 bytes).
    Removing rtx_msgqueue.o(.ARM.exidx.text.svcRtxMessageQueueGetCapacity), (8 bytes).
    Removing rtx_msgqueue.o(.text.osMessageQueueGetMsgSize), (48 bytes).
    Removing rtx_msgqueue.o(.ARM.exidx.text.osMessageQueueGetMsgSize), (8 bytes).
    Removing rtx_msgqueue.o(.text.svcRtxMessageQueueGetMsgSize), (16 bytes).
    Removing rtx_msgqueue.o(.ARM.exidx.text.svcRtxMessageQueueGetMsgSize), (8 bytes).
    Removing rtx_msgqueue.o(.text.osMessageQueueGetCount), (48 bytes).
    Removing rtx_msgqueue.o(.ARM.exidx.text.osMessageQueueGetCount), (8 bytes).
    Removing rtx_msgqueue.o(.text.svcRtxMessageQueueGetCount), (16 bytes).
    Removing rtx_msgqueue.o(.ARM.exidx.text.svcRtxMessageQueueGetCount), (8 bytes).
    Removing rtx_msgqueue.o(.text.osMessageQueueGetSpace), (36 bytes).
    Removing rtx_msgqueue.o(.ARM.exidx.text.osMessageQueueGetSpace), (8 bytes).
    Removing rtx_msgqueue.o(.text.svcRtxMessageQueueGetSpace), (20 bytes).
    Removing rtx_msgqueue.o(.ARM.exidx.text.svcRtxMessageQueueGetSpace), (8 bytes).
    Removing rtx_msgqueue.o(.text.osMessageQueueReset), (36 bytes).
    Removing rtx_msgqueue.o(.ARM.exidx.text.osMessageQueueReset), (8 bytes).
    Removing rtx_msgqueue.o(.text.osMessageQueueDelete), (36 bytes).
    Removing rtx_msgqueue.o(.ARM.exidx.text.osMessageQueueDelete), (8 bytes).
    Removing rtx_msgqueue.o(.ARM.exidx.text.osRtxMessageQueuePostProcess), (8 bytes).
    Removing rtx_msgqueue.o(.ARM.exidx.text.MessageQueueRemove), (8 bytes).
    Removing rtx_msgqueue.o(.ARM.exidx.text.MessageQueuePut), (8 bytes).
    Removing rtx_msgqueue.o(.text.svcRtxMessageQueueGetName), (16 bytes).
    Removing rtx_msgqueue.o(.ARM.exidx.text.svcRtxMessageQueueGetName), (8 bytes).
    Removing rtx_msgqueue.o(.ARM.exidx.text.svcRtxMessageQueuePut), (8 bytes).
    Removing rtx_msgqueue.o(.ARM.exidx.text.MessageQueueGet), (8 bytes).
    Removing rtx_msgqueue.o(.ARM.exidx.text.svcRtxMessageQueueGet), (8 bytes).
    Removing rtx_msgqueue.o(.text.svcRtxMessageQueueReset), (168 bytes).
    Removing rtx_msgqueue.o(.ARM.exidx.text.svcRtxMessageQueueReset), (8 bytes).
    Removing rtx_msgqueue.o(.text.svcRtxMessageQueueDelete), (112 bytes).
    Removing rtx_msgqueue.o(.ARM.exidx.text.svcRtxMessageQueueDelete), (8 bytes).
    Removing rtx_msgqueue.o(.ARM.exidx.text.OUTLINED_FUNCTION_0), (8 bytes).
    Removing rtx_system.o(.text), (0 bytes).
    Removing rtx_system.o(.ARM.exidx.text.osRtxTick_Handler), (8 bytes).
    Removing rtx_system.o(.ARM.exidx.text.osRtxPendSV_Handler), (8 bytes).
    Removing rtx_system.o(.ARM.exidx.text.osRtxPostProcess), (8 bytes).
    Removing os_systick.o(.text), (0 bytes).
    Removing os_systick.o(.ARM.exidx.text.OS_Tick_Setup), (8 bytes).
    Removing os_systick.o(.ARM.exidx.text.OS_Tick_Enable), (8 bytes).
    Removing os_systick.o(.text.OS_Tick_Disable), (44 bytes).
    Removing os_systick.o(.ARM.exidx.text.OS_Tick_Disable), (8 bytes).
    Removing os_systick.o(.ARM.exidx.text.OS_Tick_AcknowledgeIRQ), (8 bytes).
    Removing os_systick.o(.ARM.exidx.text.OS_Tick_GetIRQn), (8 bytes).
    Removing os_systick.o(.text.OS_Tick_GetClock), (12 bytes).
    Removing os_systick.o(.ARM.exidx.text.OS_Tick_GetClock), (8 bytes).
    Removing os_systick.o(.text.OS_Tick_GetInterval), (12 bytes).
    Removing os_systick.o(.ARM.exidx.text.OS_Tick_GetInterval), (8 bytes).
    Removing os_systick.o(.text.OS_Tick_GetCount), (16 bytes).
    Removing os_systick.o(.ARM.exidx.text.OS_Tick_GetCount), (8 bytes).
    Removing os_systick.o(.text.OS_Tick_GetOverflow), (16 bytes).
    Removing os_systick.o(.ARM.exidx.text.OS_Tick_GetOverflow), (8 bytes).
    Removing dadd.o(.text), (334 bytes).
    Removing dmul.o(.text), (228 bytes).
    Removing ddiv.o(.text), (222 bytes).
    Removing dfixul.o(.text), (48 bytes).
    Removing cdrcmple.o(.text), (48 bytes).
    Removing depilogue.o(.text), (186 bytes).

404 unused section(s) (total 20549 bytes) removed from the image.

==============================================================================

Image Symbol Table

    Local Symbols

    Symbol Name                              Value     Ov Type        Size  Object(Section)

    RESET                                    0x00000000   Section      204  startup_lpc17xx.o(RESET)
    ../clib/../cmprslib/zerorunl.c           0x00000000   Number         0  __dczerorl.o ABSOLUTE
    ../clib/microlib/division.c              0x00000000   Number         0  uidiv.o ABSOLUTE
    ../clib/microlib/division.c              0x00000000   Number         0  uldiv.o ABSOLUTE
    ../clib/microlib/init/entry.s            0x00000000   Number         0  entry10a.o ABSOLUTE
    ../clib/microlib/init/entry.s            0x00000000   Number         0  entry9b.o ABSOLUTE
    ../clib/microlib/init/entry.s            0x00000000   Number         0  entry7a.o ABSOLUTE
    ../clib/microlib/init/entry.s            0x00000000   Number         0  entry9a.o ABSOLUTE
    ../clib/microlib/init/entry.s            0x00000000   Number         0  entry.o ABSOLUTE
    ../clib/microlib/init/entry.s            0x00000000   Number         0  entry8b.o ABSOLUTE
    ../clib/microlib/init/entry.s            0x00000000   Number         0  entry7b.o ABSOLUTE
    ../clib/microlib/init/entry.s            0x00000000   Number         0  entry8a.o ABSOLUTE
    ../clib/microlib/init/entry.s            0x00000000   Number         0  entry2.o ABSOLUTE
    ../clib/microlib/init/entry.s            0x00000000   Number         0  entry11b.o ABSOLUTE
    ../clib/microlib/init/entry.s            0x00000000   Number         0  entry11a.o ABSOLUTE
    ../clib/microlib/init/entry.s            0x00000000   Number         0  entry10b.o ABSOLUTE
    ../clib/microlib/init/entry.s            0x00000000   Number         0  entry5.o ABSOLUTE
    ../clib/microlib/longlong.c              0x00000000   Number         0  llushr.o ABSOLUTE
    ../clib/microlib/longlong.c              0x00000000   Number         0  llsshr.o ABSOLUTE
    ../clib/microlib/longlong.c              0x00000000   Number         0  llshl.o ABSOLUTE
    ../clib/microlib/printf/printf.c         0x00000000   Number         0  printf7.o ABSOLUTE
    ../clib/microlib/printf/printf.c         0x00000000   Number         0  printf6.o ABSOLUTE
    ../clib/microlib/printf/printf.c         0x00000000   Number         0  printf5.o ABSOLUTE
    ../clib/microlib/printf/printf.c         0x00000000   Number         0  printfb.o ABSOLUTE
    ../clib/microlib/printf/printf.c         0x00000000   Number         0  printf4.o ABSOLUTE
    ../clib/microlib/printf/printf.c         0x00000000   Number         0  printf3.o ABSOLUTE
    ../clib/microlib/printf/printf.c         0x00000000   Number         0  printf2.o ABSOLUTE
    ../clib/microlib/printf/printf.c         0x00000000   Number         0  printfa.o ABSOLUTE
    ../clib/microlib/printf/printf.c         0x00000000   Number         0  printf1.o ABSOLUTE
    ../clib/microlib/printf/printf.c         0x00000000   Number         0  printf0.o ABSOLUTE
    ../clib/microlib/printf/printf.c         0x00000000   Number         0  printf8.o ABSOLUTE
    ../clib/microlib/printf/stubs.s          0x00000000   Number         0  stubs.o ABSOLUTE
    ../clib/microlib/string/memcpy.c         0x00000000   Number         0  memcpyb.o ABSOLUTE
    ../clib/microlib/string/memcpy.c         0x00000000   Number         0  memcpya.o ABSOLUTE
    ../clib/microlib/string/memset.c         0x00000000   Number         0  memseta.o ABSOLUTE
    ../clib/microlib/stubs.s                 0x00000000   Number         0  iusefp.o ABSOLUTE
    ../fplib/microlib/fpadd.c                0x00000000   Number         0  dadd.o ABSOLUTE
    ../fplib/microlib/fpdiv.c                0x00000000   Number         0  ddiv.o ABSOLUTE
    ../fplib/microlib/fpepilogue.c           0x00000000   Number         0  depilogue.o ABSOLUTE
    ../fplib/microlib/fpfix.c                0x00000000   Number         0  dfixul.o ABSOLUTE
    ../fplib/microlib/fpmul.c                0x00000000   Number         0  dmul.o ABSOLUTE
    C:\Software\Keil_v5\ARM\PACK\ARM\CMSIS\5.8.0\CMSIS\RTOS2\RTX\Source\rtx_lib.c 0x00000000   Number         0  rtx_lib.o ABSOLUTE
    C:\\Software\\Keil_v5\\ARM\\PACK\\ARM\\CMSIS\\5.8.0\\CMSIS\\RTOS2\\RTX\\Source\\rtx_lib.c 0x00000000   Number         0  rtx_lib.o ABSOLUTE
    FPU_USED                                 0x00000000   Number         0  irq_armv7m.o ABSOLUTE
    GLCD_SPI_LPC1700.c                       0x00000000   Number         0  glcd_spi_lpc1700.o ABSOLUTE
    GLCD_SPI_LPC1700.c                       0x00000000   Number         0  glcd_spi_lpc1700.o ABSOLUTE
    GLCD_Scroll.c                            0x00000000   Number         0  glcd_scroll.o ABSOLUTE
    GLCD_Scroll.c                            0x00000000   Number         0  glcd_scroll.o ABSOLUTE
    RTE\CMSIS\RTX_Config.c                   0x00000000   Number         0  rtx_config.o ABSOLUTE
    RTE\Device\LPC1768\startup_LPC17xx.s     0x00000000   Number         0  startup_lpc17xx.o ABSOLUTE
    RTE\Device\LPC1768\system_LPC17xx.c      0x00000000   Number         0  system_lpc17xx.o ABSOLUTE
    RTE\\CMSIS\\RTX_Config.c                 0x00000000   Number         0  rtx_config.o ABSOLUTE
    RTE\\Device\\LPC1768\\system_LPC17xx.c   0x00000000   Number         0  system_lpc17xx.o ABSOLUTE
    Retarget.c                               0x00000000   Number         0  retarget.o ABSOLUTE
    cdrcmple.s                               0x00000000   Number         0  cdrcmple.o ABSOLUTE
    dc.s                                     0x00000000   Number         0  dc.o ABSOLUTE
    handlers.s                               0x00000000   Number         0  handlers.o ABSOLUTE
    init.s                                   0x00000000   Number         0  init.o ABSOLUTE
    os_systick.c                             0x00000000   Number         0  os_systick.o ABSOLUTE
    p2_main.c                                0x00000000   Number         0  p2_main.o ABSOLUTE
    p2_main.c                                0x00000000   Number         0  p2_main.o ABSOLUTE
    rtx_delay.c                              0x00000000   Number         0  rtx_delay.o ABSOLUTE
    rtx_kernel.c                             0x00000000   Number         0  rtx_kernel.o ABSOLUTE
    rtx_memory.c                             0x00000000   Number         0  rtx_memory.o ABSOLUTE
    rtx_mempool.c                            0x00000000   Number         0  rtx_mempool.o ABSOLUTE
    rtx_msgqueue.c                           0x00000000   Number         0  rtx_msgqueue.o ABSOLUTE
    rtx_mutex.c                              0x00000000   Number         0  rtx_mutex.o ABSOLUTE
    rtx_system.c                             0x00000000   Number         0  rtx_system.o ABSOLUTE
    rtx_thread.c                             0x00000000   Number         0  rtx_thread.o ABSOLUTE
    rtx_timer.c                              0x00000000   Number         0  rtx_timer.o ABSOLUTE
    uart.c                                   0x00000000   Number         0  uart.o ABSOLUTE
    uart.c                                   0x00000000   Number         0  uart.o ABSOLUTE
    osRtxErrorStackOverflow                  0x00000001   Number         0  irq_armv7m.o ABSOLUTE
    I_T_RUN_OFS                              0x00000014   Number         0  irq_armv7m.o ABSOLUTE
    TCB_SF_OFS                               0x00000022   Number         0  irq_armv7m.o ABSOLUTE
    TCB_SP_OFS                               0x00000038   Number         0  irq_armv7m.o ABSOLUTE
    .ARM.Collect$$$$00000000                 0x000000cc   Section        0  entry.o(.ARM.Collect$$$$00000000)
    .ARM.Collect$$$$00000001                 0x000000cc   Section        4  entry2.o(.ARM.Collect$$$$00000001)
    .ARM.Collect$$$$00000004                 0x000000d0   Section        4  entry5.o(.ARM.Collect$$$$00000004)
    .ARM.Collect$$$$00000008                 0x000000d4   Section        0  entry7b.o(.ARM.Collect$$$$00000008)
    .ARM.Collect$$$$0000000A                 0x000000d4   Section        0  entry8b.o(.ARM.Collect$$$$0000000A)
    .ARM.Collect$$$$0000000B                 0x000000d4   Section        8  entry9a.o(.ARM.Collect$$$$0000000B)
    .ARM.Collect$$$$0000000D                 0x000000dc   Section        0  entry10a.o(.ARM.Collect$$$$0000000D)
    .ARM.Collect$$$$0000000F                 0x000000dc   Section        0  entry11a.o(.ARM.Collect$$$$0000000F)
    .ARM.Collect$$$$00002712                 0x000000dc   Section        4  entry2.o(.ARM.Collect$$$$00002712)
    __lit__00000000                          0x000000dc   Data           4  entry2.o(.ARM.Collect$$$$00002712)
    .text                                    0x000000e0   Section       36  startup_lpc17xx.o(.text)
    [Anonymous Symbol]                       0x00000104   Section        0  irq_armv7m.o(.text)
    SVC_Context                              0x0000012c   Number         0  irq_armv7m.o(.text)
    SVC_ContextSave                          0x0000013c   Number         0  irq_armv7m.o(.text)
    SVC_ContextRestore                       0x00000144   Number         0  irq_armv7m.o(.text)
    SVC_Exit                                 0x00000152   Number         0  irq_armv7m.o(.text)
    SVC_User                                 0x00000154   Number         0  irq_armv7m.o(.text)
    .text                                    0x00000198   Section        0  uldiv.o(.text)
    .text                                    0x000001fa   Section        0  memcpya.o(.text)
    .text                                    0x0000021e   Section        0  memseta.o(.text)
    .text                                    0x00000242   Section        0  llshl.o(.text)
    .text                                    0x00000260   Section        0  llushr.o(.text)
    .text                                    0x00000280   Section       36  init.o(.text)
    .text                                    0x000002a4   Section        0  __dczerorl.o(.text)
    [Anonymous Symbol]                       0x000002de   Section        0  rtx_msgqueue.o(.text.MessageQueueRemove)
    MessageQueueRemove                       0x000002df   Thumb Code    28  rtx_msgqueue.o(.text.MessageQueueRemove)
    [Anonymous Symbol]                       0x000002fa   Section        0  rtx_kernel.o(.text.osRtxKernelPreInit)
    .ARM.__at_0x02FC                         0x000002fc   Section        4  startup_lpc17xx.o(.ARM.__at_0x02FC)
    [Anonymous Symbol]                       0x00000300   Section        0  rtx_msgqueue.o(.text.MessageQueueGet)
    MessageQueueGet                          0x00000301   Thumb Code    64  rtx_msgqueue.o(.text.MessageQueueGet)
    [Anonymous Symbol]                       0x00000340   Section        0  rtx_msgqueue.o(.text.MessageQueuePut)
    MessageQueuePut                          0x00000341   Thumb Code    88  rtx_msgqueue.o(.text.MessageQueuePut)
    [Anonymous Symbol]                       0x00000398   Section        0  os_systick.o(.text.OS_Tick_AcknowledgeIRQ)
    __arm_cp.3_0                             0x000003a0   Number         4  os_systick.o(.text.OS_Tick_AcknowledgeIRQ)
    [Anonymous Symbol]                       0x000003a4   Section        0  os_systick.o(.text.OS_Tick_Enable)
    __arm_cp.1_0                             0x000003c4   Number         4  os_systick.o(.text.OS_Tick_Enable)
    __arm_cp.1_1                             0x000003c8   Number         4  os_systick.o(.text.OS_Tick_Enable)
    __arm_cp.1_2                             0x000003cc   Number         4  os_systick.o(.text.OS_Tick_Enable)
    [Anonymous Symbol]                       0x000003d0   Section        0  os_systick.o(.text.OS_Tick_GetIRQn)
    [Anonymous Symbol]                       0x000003d8   Section        0  os_systick.o(.text.OS_Tick_Setup)
    __arm_cp.0_0                             0x00000408   Number         4  os_systick.o(.text.OS_Tick_Setup)
    __arm_cp.0_1                             0x0000040c   Number         4  os_systick.o(.text.OS_Tick_Setup)
    __arm_cp.0_2                             0x00000410   Number         4  os_systick.o(.text.OS_Tick_Setup)
    __arm_cp.0_3                             0x00000414   Number         4  os_systick.o(.text.OS_Tick_Setup)
    [Anonymous Symbol]                       0x00000418   Section        0  rtx_kernel.o(.text.OUTLINED_FUNCTION_0)
    OUTLINED_FUNCTION_0                      0x00000419   Thumb Code    12  rtx_kernel.o(.text.OUTLINED_FUNCTION_0)
    [Anonymous Symbol]                       0x00000424   Section        0  rtx_thread.o(.text.OUTLINED_FUNCTION_0)
    OUTLINED_FUNCTION_0                      0x00000425   Thumb Code     6  rtx_thread.o(.text.OUTLINED_FUNCTION_0)
    [Anonymous Symbol]                       0x0000042a   Section        0  rtx_msgqueue.o(.text.OUTLINED_FUNCTION_0)
    OUTLINED_FUNCTION_0                      0x0000042b   Thumb Code    12  rtx_msgqueue.o(.text.OUTLINED_FUNCTION_0)
    [Anonymous Symbol]                       0x00000436   Section        0  rtx_kernel.o(.text.OUTLINED_FUNCTION_1)
    OUTLINED_FUNCTION_1                      0x00000437   Thumb Code     6  rtx_kernel.o(.text.OUTLINED_FUNCTION_1)
    [Anonymous Symbol]                       0x0000043c   Section        0  rtx_thread.o(.text.ThreadFlagsCheck)
    ThreadFlagsCheck                         0x0000043d   Thumb Code   100  rtx_thread.o(.text.ThreadFlagsCheck)
    [Anonymous Symbol]                       0x000004a0   Section        0  rtx_timer.o(.text.TimerInsert)
    TimerInsert                              0x000004a1   Thumb Code    68  rtx_timer.o(.text.TimerInsert)
    __arm_cp.9_0                             0x000004e4   Number         4  rtx_timer.o(.text.TimerInsert)
    [Anonymous Symbol]                       0x000004e8   Section        0  rtx_delay.o(.text.osDelay)
    __arm_cp.0_0                             0x00000508   Number         4  rtx_delay.o(.text.osDelay)
    [Anonymous Symbol]                       0x0000050c   Section        0  rtx_kernel.o(.text.osKernelInitialize)
    __arm_cp.2_0                             0x00000534   Number         4  rtx_kernel.o(.text.osKernelInitialize)
    [Anonymous Symbol]                       0x00000538   Section        0  rtx_kernel.o(.text.osKernelStart)
    __arm_cp.7_0                             0x00000558   Number         4  rtx_kernel.o(.text.osKernelStart)
    [Anonymous Symbol]                       0x0000055c   Section        0  rtx_msgqueue.o(.text.osMessageQueueGet)
    __arm_cp.5_0                             0x000005c8   Number         4  rtx_msgqueue.o(.text.osMessageQueueGet)
    [Anonymous Symbol]                       0x000005cc   Section        0  rtx_msgqueue.o(.text.osMessageQueuePut)
    __arm_cp.4_0                             0x00000648   Number         4  rtx_msgqueue.o(.text.osMessageQueuePut)
    [Anonymous Symbol]                       0x0000064c   Section        0  rtx_kernel.o(.text.osRtxKernelErrorNotify)
    [Anonymous Symbol]                       0x00000650   Section        0  rtx_memory.o(.text.osRtxMemoryAlloc)
    [Anonymous Symbol]                       0x000006bc   Section        0  rtx_memory.o(.text.osRtxMemoryFree)
    [Anonymous Symbol]                       0x000006fe   Section        0  rtx_memory.o(.text.osRtxMemoryInit)
    [Anonymous Symbol]                       0x00000734   Section        0  rtx_mempool.o(.text.osRtxMemoryPoolAlloc)
    [Anonymous Symbol]                       0x0000076e   Section        0  rtx_mempool.o(.text.osRtxMemoryPoolFree)
    [Anonymous Symbol]                       0x000007b8   Section        0  rtx_mempool.o(.text.osRtxMemoryPoolInit)
    [Anonymous Symbol]                       0x000007f0   Section        0  rtx_msgqueue.o(.text.osRtxMessageQueuePostProcess)
    osRtxMessageQueuePostProcess             0x000007f1   Thumb Code   170  rtx_msgqueue.o(.text.osRtxMessageQueuePostProcess)
    [Anonymous Symbol]                       0x0000089c   Section        0  rtx_msgqueue.o(.text.osRtxMessageQueueTimerSetup)
    __arm_cp.0_0                             0x000008bc   Number         4  rtx_msgqueue.o(.text.osRtxMessageQueueTimerSetup)
    __arm_cp.0_1                             0x000008c0   Number         4  rtx_msgqueue.o(.text.osRtxMessageQueueTimerSetup)
    [Anonymous Symbol]                       0x000008c4   Section        0  rtx_mutex.o(.text.osRtxMutexOwnerRelease)
    [Anonymous Symbol]                       0x0000090c   Section        0  rtx_mutex.o(.text.osRtxMutexOwnerRestore)
    [Anonymous Symbol]                       0x00000950   Section        0  rtx_system.o(.text.osRtxPendSV_Handler)
    __arm_cp.1_0                             0x000009d8   Number         4  rtx_system.o(.text.osRtxPendSV_Handler)
    [Anonymous Symbol]                       0x000009dc   Section        0  rtx_system.o(.text.osRtxPostProcess)
    __arm_cp.2_0                             0x00000a48   Number         4  rtx_system.o(.text.osRtxPostProcess)
    __arm_cp.2_1                             0x00000a4c   Number         4  rtx_system.o(.text.osRtxPostProcess)
    [Anonymous Symbol]                       0x00000a50   Section        0  rtx_thread.o(.text.osRtxThreadBlock)
    osRtxThreadBlock                         0x00000a51   Thumb Code    52  rtx_thread.o(.text.osRtxThreadBlock)
    __arm_cp.10_0                            0x00000a84   Number         4  rtx_thread.o(.text.osRtxThreadBlock)
    [Anonymous Symbol]                       0x00000a88   Section        0  rtx_thread.o(.text.osRtxThreadDelayInsert)
    osRtxThreadDelayInsert                   0x00000a89   Thumb Code   124  rtx_thread.o(.text.osRtxThreadDelayInsert)
    __arm_cp.14_0                            0x00000b04   Number         4  rtx_thread.o(.text.osRtxThreadDelayInsert)
    [Anonymous Symbol]                       0x00000b08   Section        0  rtx_thread.o(.text.osRtxThreadDelayRemove)
    osRtxThreadDelayRemove                   0x00000b09   Thumb Code    60  rtx_thread.o(.text.osRtxThreadDelayRemove)
    __arm_cp.12_0                            0x00000b44   Number         4  rtx_thread.o(.text.osRtxThreadDelayRemove)
    [Anonymous Symbol]                       0x00000b48   Section        0  rtx_thread.o(.text.osRtxThreadDelayTick)
    __arm_cp.5_0                             0x00000b90   Number         4  rtx_thread.o(.text.osRtxThreadDelayTick)
    [Anonymous Symbol]                       0x00000b94   Section        0  rtx_thread.o(.text.osRtxThreadDestroy)
    osRtxThreadDestroy                       0x00000b95   Thumb Code    32  rtx_thread.o(.text.osRtxThreadDestroy)
    __arm_cp.56_0                            0x00000bb4   Number         4  rtx_thread.o(.text.osRtxThreadDestroy)
    [Anonymous Symbol]                       0x00000bb8   Section        0  rtx_thread.o(.text.osRtxThreadDispatch)
    __arm_cp.9_0                             0x00000c08   Number         4  rtx_thread.o(.text.osRtxThreadDispatch)
    [Anonymous Symbol]                       0x00000c0c   Section        0  rtx_thread.o(.text.osRtxThreadFree)
    osRtxThreadFree                          0x00000c0d   Thumb Code    84  rtx_thread.o(.text.osRtxThreadFree)
    __arm_cp.52_0                            0x00000c60   Number         4  rtx_thread.o(.text.osRtxThreadFree)
    [Anonymous Symbol]                       0x00000c64   Section        0  rtx_thread.o(.text.osRtxThreadJoinWakeup)
    osRtxThreadJoinWakeup                    0x00000c65   Thumb Code    30  rtx_thread.o(.text.osRtxThreadJoinWakeup)
    [Anonymous Symbol]                       0x00000c82   Section        0  rtx_thread.o(.text.osRtxThreadListGet)
    [Anonymous Symbol]                       0x00000c94   Section        0  rtx_thread.o(.text.osRtxThreadListPut)
    [Anonymous Symbol]                       0x00000cc0   Section        0  rtx_thread.o(.text.osRtxThreadListRemove)
    [Anonymous Symbol]                       0x00000cd4   Section        0  rtx_thread.o(.text.osRtxThreadListRoot)
    osRtxThreadListRoot                      0x00000cd5   Thumb Code    12  rtx_thread.o(.text.osRtxThreadListRoot)
    [Anonymous Symbol]                       0x00000ce0   Section        0  rtx_thread.o(.text.osRtxThreadListSort)
    [Anonymous Symbol]                       0x00000d06   Section        0  rtx_thread.o(.text.osRtxThreadPostProcess)
    osRtxThreadPostProcess                   0x00000d07   Thumb Code    40  rtx_thread.o(.text.osRtxThreadPostProcess)
    [Anonymous Symbol]                       0x00000d30   Section        0  rtx_thread.o(.text.osRtxThreadReadyPut)
    __arm_cp.4_0                             0x00000d40   Number         4  rtx_thread.o(.text.osRtxThreadReadyPut)
    [Anonymous Symbol]                       0x00000d44   Section        0  rtx_thread.o(.text.osRtxThreadRegPtr)
    [Anonymous Symbol]                       0x00000d4c   Section        0  rtx_thread.o(.text.osRtxThreadStartup)
    __arm_cp.15_0                            0x00000d7c   Number         4  rtx_thread.o(.text.osRtxThreadStartup)
    __arm_cp.15_1                            0x00000d80   Number         4  rtx_thread.o(.text.osRtxThreadStartup)
    __arm_cp.15_2                            0x00000d84   Number         4  rtx_thread.o(.text.osRtxThreadStartup)
    [Anonymous Symbol]                       0x00000d88   Section        0  rtx_thread.o(.text.osRtxThreadSwitch)
    __arm_cp.8_0                             0x00000d94   Number         4  rtx_thread.o(.text.osRtxThreadSwitch)
    [Anonymous Symbol]                       0x00000d98   Section        0  rtx_thread.o(.text.osRtxThreadWaitEnter)
    __arm_cp.13_0                            0x00000dd0   Number         4  rtx_thread.o(.text.osRtxThreadWaitEnter)
    [Anonymous Symbol]                       0x00000dd4   Section        0  rtx_thread.o(.text.osRtxThreadWaitExit)
    [Anonymous Symbol]                       0x00000df8   Section        0  rtx_system.o(.text.osRtxTick_Handler)
    __arm_cp.0_0                             0x00000e6c   Number         4  rtx_system.o(.text.osRtxTick_Handler)
    [Anonymous Symbol]                       0x00000e70   Section        0  rtx_timer.o(.text.osRtxTimerSetup)
    __arm_cp.0_0                             0x00000e88   Number         4  rtx_timer.o(.text.osRtxTimerSetup)
    __arm_cp.0_1                             0x00000e8c   Number         4  rtx_timer.o(.text.osRtxTimerSetup)
    [Anonymous Symbol]                       0x00000e90   Section        0  rtx_timer.o(.text.osRtxTimerThread)
    [Anonymous Symbol]                       0x00000eb0   Section        0  rtx_timer.o(.text.osRtxTimerTick)
    osRtxTimerTick                           0x00000eb1   Thumb Code   108  rtx_timer.o(.text.osRtxTimerTick)
    __arm_cp.1_0                             0x00000f1c   Number         4  rtx_timer.o(.text.osRtxTimerTick)
    [Anonymous Symbol]                       0x00000f20   Section        0  rtx_thread.o(.text.osThreadExit)
    __arm_cp.31_0                            0x00000f28   Number         4  rtx_thread.o(.text.osThreadExit)
    [Anonymous Symbol]                       0x00000f2c   Section        0  rtx_thread.o(.text.osThreadNew)
    __arm_cp.17_0                            0x00000f4c   Number         4  rtx_thread.o(.text.osThreadNew)
    [Anonymous Symbol]                       0x00000f50   Section        0  rtx_thread.o(.text.osThreadYield)
    __arm_cp.26_0                            0x00000f70   Number         4  rtx_thread.o(.text.osThreadYield)
    [Anonymous Symbol]                       0x00000f74   Section        0  rtx_delay.o(.text.svcRtxDelay)
    svcRtxDelay                              0x00000f75   Thumb Code    22  rtx_delay.o(.text.svcRtxDelay)
    [Anonymous Symbol]                       0x00000f8c   Section        0  rtx_kernel.o(.text.svcRtxKernelInitialize)
    svcRtxKernelInitialize                   0x00000f8d   Thumb Code   244  rtx_kernel.o(.text.svcRtxKernelInitialize)
    __arm_cp.21_0                            0x00001080   Number         4  rtx_kernel.o(.text.svcRtxKernelInitialize)
    __arm_cp.21_1                            0x00001084   Number         4  rtx_kernel.o(.text.svcRtxKernelInitialize)
    __arm_cp.21_2                            0x00001088   Number         4  rtx_kernel.o(.text.svcRtxKernelInitialize)
    [Anonymous Symbol]                       0x0000108c   Section        0  rtx_kernel.o(.text.svcRtxKernelStart)
    svcRtxKernelStart                        0x0000108d   Thumb Code   120  rtx_kernel.o(.text.svcRtxKernelStart)
    __arm_cp.22_0                            0x00001104   Number         4  rtx_kernel.o(.text.svcRtxKernelStart)
    __arm_cp.22_1                            0x00001108   Number         4  rtx_kernel.o(.text.svcRtxKernelStart)
    __arm_cp.22_2                            0x0000110c   Number         4  rtx_kernel.o(.text.svcRtxKernelStart)
    __arm_cp.22_3                            0x00001110   Number         4  rtx_kernel.o(.text.svcRtxKernelStart)
    [Anonymous Symbol]                       0x00001114   Section        0  rtx_msgqueue.o(.text.svcRtxMessageQueueGet)
    svcRtxMessageQueueGet                    0x00001115   Thumb Code   212  rtx_msgqueue.o(.text.svcRtxMessageQueueGet)
    __arm_cp.22_0                            0x000011e8   Number         4  rtx_msgqueue.o(.text.svcRtxMessageQueueGet)
    [Anonymous Symbol]                       0x000011ec   Section        0  rtx_msgqueue.o(.text.svcRtxMessageQueueNew)
    svcRtxMessageQueueNew                    0x000011ed   Thumb Code   272  rtx_msgqueue.o(.text.svcRtxMessageQueueNew)
    __arm_cp.1_0                             0x000012fc   Number         4  rtx_msgqueue.o(.text.svcRtxMessageQueueNew)
    __arm_cp.1_1                             0x00001300   Number         4  rtx_msgqueue.o(.text.svcRtxMessageQueueNew)
    [Anonymous Symbol]                       0x00001304   Section        0  rtx_msgqueue.o(.text.svcRtxMessageQueuePut)
    svcRtxMessageQueuePut                    0x00001305   Thumb Code   176  rtx_msgqueue.o(.text.svcRtxMessageQueuePut)
    __arm_cp.20_0                            0x000013b4   Number         4  rtx_msgqueue.o(.text.svcRtxMessageQueuePut)
    [Anonymous Symbol]                       0x000013b8   Section        0  rtx_thread.o(.text.svcRtxThreadExit)
    svcRtxThreadExit                         0x000013b9   Thumb Code    72  rtx_thread.o(.text.svcRtxThreadExit)
    __arm_cp.54_0                            0x00001400   Number         4  rtx_thread.o(.text.svcRtxThreadExit)
    [Anonymous Symbol]                       0x00001404   Section        0  rtx_thread.o(.text.svcRtxThreadNew)
    svcRtxThreadNew                          0x00001405   Thumb Code   472  rtx_thread.o(.text.svcRtxThreadNew)
    __arm_cp.16_0                            0x000015dc   Number         4  rtx_thread.o(.text.svcRtxThreadNew)
    __arm_cp.16_1                            0x000015e0   Number         4  rtx_thread.o(.text.svcRtxThreadNew)
    __arm_cp.16_2                            0x000015e4   Number         4  rtx_thread.o(.text.svcRtxThreadNew)
    __arm_cp.16_3                            0x000015e8   Number         4  rtx_thread.o(.text.svcRtxThreadNew)
    __arm_cp.16_4                            0x000015ec   Number         4  rtx_thread.o(.text.svcRtxThreadNew)
    [Anonymous Symbol]                       0x000015f0   Section        0  rtx_thread.o(.text.svcRtxThreadYield)
    svcRtxThreadYield                        0x000015f1   Thumb Code    52  rtx_thread.o(.text.svcRtxThreadYield)
    __arm_cp.47_0                            0x00001624   Number         4  rtx_thread.o(.text.svcRtxThreadYield)
    i.Free                                   0x00001628   Section        0  uart.o(i.Free)
    i.FreeRcv                                0x00001630   Section        0  uart.o(i.FreeRcv)
    i.FreeSnd                                0x00001654   Section        0  uart.o(i.FreeSnd)
    i.GLCD_Clear                             0x00001678   Section        0  glcd_spi_lpc1700.o(i.GLCD_Clear)
    i.GLCD_ClearLn                           0x000016a2   Section        0  glcd_spi_lpc1700.o(i.GLCD_ClearLn)
    i.GLCD_DisplayChar                       0x00001700   Section        0  glcd_spi_lpc1700.o(i.GLCD_DisplayChar)
    i.GLCD_DisplayString                     0x0000175c   Section        0  glcd_spi_lpc1700.o(i.GLCD_DisplayString)
    i.GLCD_DrawChar                          0x00001784   Section        0  glcd_spi_lpc1700.o(i.GLCD_DrawChar)
    i.GLCD_Init                              0x00001820   Section        0  glcd_spi_lpc1700.o(i.GLCD_Init)
    i.GLCD_SetBackColor                      0x00001e08   Section        0  glcd_spi_lpc1700.o(i.GLCD_SetBackColor)
    i.GLCD_SetWindow                         0x00001e14   Section        0  glcd_spi_lpc1700.o(i.GLCD_SetWindow)
    i.GLCD_WindowMax                         0x00001ec0   Section        0  glcd_spi_lpc1700.o(i.GLCD_WindowMax)
    i.LED_Thread                             0x00001ed4   Section        0  p2_main.o(i.LED_Thread)
    i.SystemInit                             0x00001f24   Section        0  system_lpc17xx.o(i.SystemInit)
    i.UART0_IRQHandler                       0x00002064   Section        0  uart.o(i.UART0_IRQHandler)
    i.UART1_IRQHandler                       0x000020cc   Section        0  uart.o(i.UART1_IRQHandler)
    i.UARTInit                               0x0000213c   Section        0  uart.o(i.UARTInit)
    i.UARTSendChar                           0x000021f8   Section        0  uart.o(i.UARTSendChar)
    i.__0printf$5                            0x0000221c   Section        0  printf5.o(i.__0printf$5)
    i.__NVIC_EnableIRQ                       0x0000223c   Section        0  uart.o(i.__NVIC_EnableIRQ)
    __NVIC_EnableIRQ                         0x0000223d   Thumb Code    34  uart.o(i.__NVIC_EnableIRQ)
    i.__scatterload_copy                     0x0000225e   Section       14  handlers.o(i.__scatterload_copy)
    i.__scatterload_null                     0x0000226c   Section        2  handlers.o(i.__scatterload_null)
    i.__scatterload_zeroinit                 0x0000226e   Section       14  handlers.o(i.__scatterload_zeroinit)
    i._printf_core                           0x0000227c   Section        0  printf5.o(i._printf_core)
    _printf_core                             0x0000227d   Thumb Code   658  printf5.o(i._printf_core)
    i.analog                                 0x0000253c   Section        0  p2_main.o(i.analog)
    i.analog_Thread                          0x000025b0   Section        0  p2_main.o(i.analog_Thread)
    i.delay                                  0x000025b8   Section        0  glcd_spi_lpc1700.o(i.delay)
    delay                                    0x000025b9   Thumb Code    14  glcd_spi_lpc1700.o(i.delay)
    i.fputc                                  0x000025c6   Section        0  retarget.o(i.fputc)
    i.getFrequency                           0x000025d4   Section        0  uart.o(i.getFrequency)
    i.joyStick_Thread                        0x0000261c   Section        0  p2_main.o(i.joyStick_Thread)
    i.main                                   0x00002794   Section        0  p2_main.o(i.main)
    i.osRtxErrorNotify                       0x0000285c   Section        0  rtx_config.o(i.osRtxErrorNotify)
    i.osRtxIdleThread                        0x0000287c   Section        0  rtx_config.o(i.osRtxIdleThread)
    i.rd_id_man                              0x00002880   Section        0  glcd_spi_lpc1700.o(i.rd_id_man)
    rd_id_man                                0x00002881   Thumb Code   132  glcd_spi_lpc1700.o(i.rd_id_man)
    i.rd_reg                                 0x0000290c   Section        0  glcd_spi_lpc1700.o(i.rd_reg)
    rd_reg                                   0x0000290d   Thumb Code    66  glcd_spi_lpc1700.o(i.rd_reg)
    i.sendchar                               0x00002954   Section        0  retarget.o(i.sendchar)
    i.spi_tran                               0x00002998   Section        0  glcd_spi_lpc1700.o(i.spi_tran)
    spi_tran                                 0x00002999   Thumb Code    28  glcd_spi_lpc1700.o(i.spi_tran)
    i.spi_tran_man                           0x000029b8   Section        0  glcd_spi_lpc1700.o(i.spi_tran_man)
    spi_tran_man                             0x000029b9   Thumb Code   124  glcd_spi_lpc1700.o(i.spi_tran_man)
    i.wr_cmd                                 0x00002a38   Section        0  glcd_spi_lpc1700.o(i.wr_cmd)
    wr_cmd                                   0x00002a39   Thumb Code    36  glcd_spi_lpc1700.o(i.wr_cmd)
    i.wr_dat                                 0x00002a60   Section        0  glcd_spi_lpc1700.o(i.wr_dat)
    wr_dat                                   0x00002a61   Thumb Code    36  glcd_spi_lpc1700.o(i.wr_dat)
    i.wr_dat_only                            0x00002a88   Section        0  glcd_spi_lpc1700.o(i.wr_dat_only)
    wr_dat_only                              0x00002a89   Thumb Code    18  glcd_spi_lpc1700.o(i.wr_dat_only)
    i.wr_dat_start                           0x00002a9c   Section        0  glcd_spi_lpc1700.o(i.wr_dat_start)
    wr_dat_start                             0x00002a9d   Thumb Code    16  glcd_spi_lpc1700.o(i.wr_dat_start)
    i.wr_dat_stop                            0x00002ab0   Section        0  glcd_spi_lpc1700.o(i.wr_dat_stop)
    wr_dat_stop                              0x00002ab1   Thumb Code     8  glcd_spi_lpc1700.o(i.wr_dat_stop)
    i.wr_reg                                 0x00002abc   Section        0  glcd_spi_lpc1700.o(i.wr_reg)
    wr_reg                                   0x00002abd   Thumb Code    20  glcd_spi_lpc1700.o(i.wr_reg)
    .constdata                               0x00002ad0   Section     6272  glcd_spi_lpc1700.o(.constdata)
    .constdata                               0x00004350   Section      108  p2_main.o(.constdata)
    .constdata                               0x000043bc   Section      104  rtx_lib.o(.constdata)
    os_idle_thread_attr                      0x000043bc   Data          36  rtx_lib.o(.constdata)
    os_timer_thread_attr                     0x000043e0   Data          36  rtx_lib.o(.constdata)
    os_timer_mq_attr                         0x00004404   Data          24  rtx_lib.o(.constdata)
    .rodata                                  0x00004424   Section      168  rtx_lib.o(.rodata)
    __tagsym$$used                           0x00004424   Number         0  rtx_lib.o(.rodata)
    __tagsym$$used                           0x00004494   Number         0  rtx_lib.o(.rodata)
    [Anonymous Symbol]                       0x000044d0   Section        0  rtx_kernel.o(.rodata.str1.4)
    .bss.os                                  0x10000000   Section     8256  rtx_lib.o(.bss.os)
    os_mem                                   0x10000000   Data        8192  rtx_lib.o(.bss.os)
    os_isr_queue                             0x10002000   Data          64  rtx_lib.o(.bss.os)
    .bss.os.msgqueue.cb                      0x10002040   Section       52  rtx_lib.o(.bss.os.msgqueue.cb)
    os_timer_mq_cb                           0x10002040   Data          52  rtx_lib.o(.bss.os.msgqueue.cb)
    .bss.os.msgqueue.mem                     0x10002074   Section       80  rtx_lib.o(.bss.os.msgqueue.mem)
    os_timer_mq_data                         0x10002074   Data          80  rtx_lib.o(.bss.os.msgqueue.mem)
    .bss.os.thread.cb                        0x100020c4   Section      136  rtx_lib.o(.bss.os.thread.cb)
    os_idle_thread_cb                        0x100020c4   Data          68  rtx_lib.o(.bss.os.thread.cb)
    os_timer_thread_cb                       0x10002108   Data          68  rtx_lib.o(.bss.os.thread.cb)
    .bss.os.thread.idle.stack                0x10002150   Section      512  rtx_lib.o(.bss.os.thread.idle.stack)
    os_idle_thread_stack                     0x10002150   Data         512  rtx_lib.o(.bss.os.thread.idle.stack)
    .bss.os.thread.timer.stack               0x10002350   Section      512  rtx_lib.o(.bss.os.thread.timer.stack)
    os_timer_thread_stack                    0x10002350   Data         512  rtx_lib.o(.bss.os.thread.timer.stack)
    .data                                    0x10002550   Section        5  glcd_spi_lpc1700.o(.data)
    Color                                    0x10002550   Data           4  glcd_spi_lpc1700.o(.data)
    Himax                                    0x10002554   Data           1  glcd_spi_lpc1700.o(.data)
    .data                                    0x10002558   Section       12  retarget.o(.data)
    .data                                    0x10002564   Section       32  uart.o(.data)
    .data                                    0x10002584   Section        4  system_lpc17xx.o(.data)
    .bss                                     0x1000262c   Section      128  uart.o(.bss)
    [Anonymous Symbol]                       0x100026ac   Section        0  os_systick.o(.bss.os)
    PendST                                   0x100026ac   Data           1  os_systick.o(.bss.os)
    STACK                                    0x100026b0   Section     8192  startup_lpc17xx.o(STACK)
    FPCCR                                    0xe000ef34   Number         0  irq_armv7m.o ABSOLUTE

    Global Symbols

    Symbol Name                              Value     Ov Type        Size  Object(Section)

    BuildAttributes$$THM_ISAv4$P$D$K$B$S$PE$A:L22UL41UL21$X:L11$S22US41US21$IEEE1$IW$USESV6$~STKCKD$USESV7$~SHL$OSPACE$ROPI$EBA8$MICROLIB$REQ8$PRES8$EABIv2 0x00000000   Number         0  anon$$obj.o ABSOLUTE
    __ARM_use_no_argv                        0x00000000   Number         0  p2_main.o ABSOLUTE
    __Vectors                                0x00000000   Data           4  startup_lpc17xx.o(RESET)
    _printf_a                                0x00000000   Number         0  stubs.o ABSOLUTE
    _printf_c                                0x00000000   Number         0  stubs.o ABSOLUTE
    _printf_charcount                        0x00000000   Number         0  stubs.o ABSOLUTE
    _printf_d                                0x00000000   Number         0  stubs.o ABSOLUTE
    _printf_e                                0x00000000   Number         0  stubs.o ABSOLUTE
    _printf_f                                0x00000000   Number         0  stubs.o ABSOLUTE
    _printf_flags                            0x00000000   Number         0  stubs.o ABSOLUTE
    _printf_fp_dec                           0x00000000   Number         0  stubs.o ABSOLUTE
    _printf_fp_hex                           0x00000000   Number         0  stubs.o ABSOLUTE
    _printf_g                                0x00000000   Number         0  stubs.o ABSOLUTE
    _printf_i                                0x00000000   Number         0  stubs.o ABSOLUTE
    _printf_int_dec                          0x00000000   Number         0  stubs.o ABSOLUTE
    _printf_l                                0x00000000   Number         0  stubs.o ABSOLUTE
    _printf_lc                               0x00000000   Number         0  stubs.o ABSOLUTE
    _printf_ll                               0x00000000   Number         0  stubs.o ABSOLUTE
    _printf_lld                              0x00000000   Number         0  stubs.o ABSOLUTE
    _printf_lli                              0x00000000   Number         0  stubs.o ABSOLUTE
    _printf_llo                              0x00000000   Number         0  stubs.o ABSOLUTE
    _printf_llu                              0x00000000   Number         0  stubs.o ABSOLUTE
    _printf_llx                              0x00000000   Number         0  stubs.o ABSOLUTE
    _printf_longlong_dec                     0x00000000   Number         0  stubs.o ABSOLUTE
    _printf_longlong_hex                     0x00000000   Number         0  stubs.o ABSOLUTE
    _printf_longlong_oct                     0x00000000   Number         0  stubs.o ABSOLUTE
    _printf_ls                               0x00000000   Number         0  stubs.o ABSOLUTE
    _printf_mbtowc                           0x00000000   Number         0  stubs.o ABSOLUTE
    _printf_n                                0x00000000   Number         0  stubs.o ABSOLUTE
    _printf_o                                0x00000000   Number         0  stubs.o ABSOLUTE
    _printf_p                                0x00000000   Number         0  stubs.o ABSOLUTE
    _printf_percent                          0x00000000   Number         0  stubs.o ABSOLUTE
    _printf_pre_padding                      0x00000000   Number         0  stubs.o ABSOLUTE
    _printf_return_value                     0x00000000   Number         0  stubs.o ABSOLUTE
    _printf_s                                0x00000000   Number         0  stubs.o ABSOLUTE
    _printf_sizespec                         0x00000000   Number         0  stubs.o ABSOLUTE
    _printf_str                              0x00000000   Number         0  stubs.o ABSOLUTE
    _printf_truncate_signed                  0x00000000   Number         0  stubs.o ABSOLUTE
    _printf_truncate_unsigned                0x00000000   Number         0  stubs.o ABSOLUTE
    _printf_u                                0x00000000   Number         0  stubs.o ABSOLUTE
    _printf_wc                               0x00000000   Number         0  stubs.o ABSOLUTE
    _printf_wctomb                           0x00000000   Number         0  stubs.o ABSOLUTE
    _printf_widthprec                        0x00000000   Number         0  stubs.o ABSOLUTE
    _printf_x                                0x00000000   Number         0  stubs.o ABSOLUTE
    .bss.os.evflags.cb$$Base                  - Undefined Weak Reference
    .bss.os.evflags.cb$$Limit                 - Undefined Weak Reference
    .bss.os.mempool.cb$$Base                  - Undefined Weak Reference
    .bss.os.mempool.cb$$Limit                 - Undefined Weak Reference
    .bss.os.mutex.cb$$Base                    - Undefined Weak Reference
    .bss.os.mutex.cb$$Limit                   - Undefined Weak Reference
    .bss.os.semaphore.cb$$Base                - Undefined Weak Reference
    .bss.os.semaphore.cb$$Limit               - Undefined Weak Reference
    .bss.os.timer.cb$$Base                    - Undefined Weak Reference
    .bss.os.timer.cb$$Limit                   - Undefined Weak Reference
    __cpp_initialize__aeabi_                  - Undefined Weak Reference
    __cxa_finalize                            - Undefined Weak Reference
    _clock_init                               - Undefined Weak Reference
    _microlib_exit                            - Undefined Weak Reference
    __main                                   0x000000cd   Thumb Code     0  entry.o(.ARM.Collect$$$$00000000)
    _main_stk                                0x000000cd   Thumb Code     0  entry2.o(.ARM.Collect$$$$00000001)
    _main_scatterload                        0x000000d1   Thumb Code     0  entry5.o(.ARM.Collect$$$$00000004)
    __main_after_scatterload                 0x000000d5   Thumb Code     0  entry5.o(.ARM.Collect$$$$00000004)
    _main_clock                              0x000000d5   Thumb Code     0  entry7b.o(.ARM.Collect$$$$00000008)
    _main_cpp_init                           0x000000d5   Thumb Code     0  entry8b.o(.ARM.Collect$$$$0000000A)
    _main_init                               0x000000d5   Thumb Code     0  entry9a.o(.ARM.Collect$$$$0000000B)
    __rt_final_cpp                           0x000000dd   Thumb Code     0  entry10a.o(.ARM.Collect$$$$0000000D)
    __rt_final_exit                          0x000000dd   Thumb Code     0  entry11a.o(.ARM.Collect$$$$0000000F)
    Reset_Handler                            0x000000e1   Thumb Code     8  startup_lpc17xx.o(.text)
    NMI_Handler                              0x000000e9   Thumb Code     2  startup_lpc17xx.o(.text)
    HardFault_Handler                        0x000000eb   Thumb Code     2  startup_lpc17xx.o(.text)
    MemManage_Handler                        0x000000ed   Thumb Code     2  startup_lpc17xx.o(.text)
    BusFault_Handler                         0x000000ef   Thumb Code     2  startup_lpc17xx.o(.text)
    UsageFault_Handler                       0x000000f1   Thumb Code     2  startup_lpc17xx.o(.text)
    DebugMon_Handler                         0x000000f5   Thumb Code     2  startup_lpc17xx.o(.text)
    ADC_IRQHandler                           0x000000fb   Thumb Code     0  startup_lpc17xx.o(.text)
    BOD_IRQHandler                           0x000000fb   Thumb Code     0  startup_lpc17xx.o(.text)
    CANActivity_IRQHandler                   0x000000fb   Thumb Code     0  startup_lpc17xx.o(.text)
    CAN_IRQHandler                           0x000000fb   Thumb Code     0  startup_lpc17xx.o(.text)
    DMA_IRQHandler                           0x000000fb   Thumb Code     0  startup_lpc17xx.o(.text)
    EINT0_IRQHandler                         0x000000fb   Thumb Code     0  startup_lpc17xx.o(.text)
    EINT1_IRQHandler                         0x000000fb   Thumb Code     0  startup_lpc17xx.o(.text)
    EINT2_IRQHandler                         0x000000fb   Thumb Code     0  startup_lpc17xx.o(.text)
    EINT3_IRQHandler                         0x000000fb   Thumb Code     0  startup_lpc17xx.o(.text)
    ENET_IRQHandler                          0x000000fb   Thumb Code     0  startup_lpc17xx.o(.text)
    I2C0_IRQHandler                          0x000000fb   Thumb Code     0  startup_lpc17xx.o(.text)
    I2C1_IRQHandler                          0x000000fb   Thumb Code     0  startup_lpc17xx.o(.text)
    I2C2_IRQHandler                          0x000000fb   Thumb Code     0  startup_lpc17xx.o(.text)
    I2S_IRQHandler                           0x000000fb   Thumb Code     0  startup_lpc17xx.o(.text)
    MCPWM_IRQHandler                         0x000000fb   Thumb Code     0  startup_lpc17xx.o(.text)
    PLL0_IRQHandler                          0x000000fb   Thumb Code     0  startup_lpc17xx.o(.text)
    PLL1_IRQHandler                          0x000000fb   Thumb Code     0  startup_lpc17xx.o(.text)
    PWM1_IRQHandler                          0x000000fb   Thumb Code     0  startup_lpc17xx.o(.text)
    QEI_IRQHandler                           0x000000fb   Thumb Code     0  startup_lpc17xx.o(.text)
    RIT_IRQHandler                           0x000000fb   Thumb Code     0  startup_lpc17xx.o(.text)
    RTC_IRQHandler                           0x000000fb   Thumb Code     0  startup_lpc17xx.o(.text)
    SPI_IRQHandler                           0x000000fb   Thumb Code     0  startup_lpc17xx.o(.text)
    SSP0_IRQHandler                          0x000000fb   Thumb Code     0  startup_lpc17xx.o(.text)
    SSP1_IRQHandler                          0x000000fb   Thumb Code     0  startup_lpc17xx.o(.text)
    TIMER0_IRQHandler                        0x000000fb   Thumb Code     0  startup_lpc17xx.o(.text)
    TIMER1_IRQHandler                        0x000000fb   Thumb Code     0  startup_lpc17xx.o(.text)
    TIMER2_IRQHandler                        0x000000fb   Thumb Code     0  startup_lpc17xx.o(.text)
    TIMER3_IRQHandler                        0x000000fb   Thumb Code     0  startup_lpc17xx.o(.text)
    UART2_IRQHandler                         0x000000fb   Thumb Code     0  startup_lpc17xx.o(.text)
    UART3_IRQHandler                         0x000000fb   Thumb Code     0  startup_lpc17xx.o(.text)
    USBActivity_IRQHandler                   0x000000fb   Thumb Code     0  startup_lpc17xx.o(.text)
    USB_IRQHandler                           0x000000fb   Thumb Code     0  startup_lpc17xx.o(.text)
    WDT_IRQHandler                           0x000000fb   Thumb Code     0  startup_lpc17xx.o(.text)
    SVC_Handler                              0x00000105   Thumb Code   108  irq_armv7m.o(.text)
    PendSV_Handler                           0x00000171   Thumb Code    16  irq_armv7m.o(.text)
    SysTick_Handler                          0x00000181   Thumb Code    16  irq_armv7m.o(.text)
    __aeabi_uldivmod                         0x00000199   Thumb Code    98  uldiv.o(.text)
    __aeabi_memcpy                           0x000001fb   Thumb Code    36  memcpya.o(.text)
    __aeabi_memcpy4                          0x000001fb   Thumb Code     0  memcpya.o(.text)
    __aeabi_memcpy8                          0x000001fb   Thumb Code     0  memcpya.o(.text)
    __aeabi_memset                           0x0000021f   Thumb Code    14  memseta.o(.text)
    __aeabi_memset4                          0x0000021f   Thumb Code     0  memseta.o(.text)
    __aeabi_memset8                          0x0000021f   Thumb Code     0  memseta.o(.text)
    __aeabi_memclr                           0x0000022d   Thumb Code     4  memseta.o(.text)
    __aeabi_memclr4                          0x0000022d   Thumb Code     0  memseta.o(.text)
    __aeabi_memclr8                          0x0000022d   Thumb Code     0  memseta.o(.text)
    _memset$wrapper                          0x00000231   Thumb Code    18  memseta.o(.text)
    __aeabi_llsl                             0x00000243   Thumb Code    30  llshl.o(.text)
    _ll_shift_l                              0x00000243   Thumb Code     0  llshl.o(.text)
    __aeabi_llsr                             0x00000261   Thumb Code    32  llushr.o(.text)
    _ll_ushift_r                             0x00000261   Thumb Code     0  llushr.o(.text)
    __scatterload                            0x00000281   Thumb Code    28  init.o(.text)
    __scatterload_rt2                        0x00000281   Thumb Code     0  init.o(.text)
    __decompress                             0x000002a5   Thumb Code     0  __dczerorl.o(.text)
    __decompress0                            0x000002a5   Thumb Code    58  __dczerorl.o(.text)
    osRtxKernelPreInit                       0x000002fb   Thumb Code     2  rtx_kernel.o(.text.osRtxKernelPreInit)
    OS_Tick_AcknowledgeIRQ                   0x00000399   Thumb Code     8  os_systick.o(.text.OS_Tick_AcknowledgeIRQ)
    OS_Tick_Enable                           0x000003a5   Thumb Code    32  os_systick.o(.text.OS_Tick_Enable)
    OS_Tick_GetIRQn                          0x000003d1   Thumb Code     6  os_systick.o(.text.OS_Tick_GetIRQn)
    OS_Tick_Setup                            0x000003d9   Thumb Code    48  os_systick.o(.text.OS_Tick_Setup)
    osDelay                                  0x000004e9   Thumb Code    32  rtx_delay.o(.text.osDelay)
    osKernelInitialize                       0x0000050d   Thumb Code    40  rtx_kernel.o(.text.osKernelInitialize)
    osKernelStart                            0x00000539   Thumb Code    32  rtx_kernel.o(.text.osKernelStart)
    osMessageQueueGet                        0x0000055d   Thumb Code   108  rtx_msgqueue.o(.text.osMessageQueueGet)
    osMessageQueuePut                        0x000005cd   Thumb Code   124  rtx_msgqueue.o(.text.osMessageQueuePut)
    osRtxKernelErrorNotify                   0x0000064d   Thumb Code     4  rtx_kernel.o(.text.osRtxKernelErrorNotify)
    osRtxMemoryAlloc                         0x00000651   Thumb Code   108  rtx_memory.o(.text.osRtxMemoryAlloc)
    osRtxMemoryFree                          0x000006bd   Thumb Code    66  rtx_memory.o(.text.osRtxMemoryFree)
    osRtxMemoryInit                          0x000006ff   Thumb Code    54  rtx_memory.o(.text.osRtxMemoryInit)
    osRtxMemoryPoolAlloc                     0x00000735   Thumb Code    58  rtx_mempool.o(.text.osRtxMemoryPoolAlloc)
    osRtxMemoryPoolFree                      0x0000076f   Thumb Code    74  rtx_mempool.o(.text.osRtxMemoryPoolFree)
    osRtxMemoryPoolInit                      0x000007b9   Thumb Code    56  rtx_mempool.o(.text.osRtxMemoryPoolInit)
    osRtxMessageQueueTimerSetup              0x0000089d   Thumb Code    32  rtx_msgqueue.o(.text.osRtxMessageQueueTimerSetup)
    osRtxMutexOwnerRelease                   0x000008c5   Thumb Code    72  rtx_mutex.o(.text.osRtxMutexOwnerRelease)
    osRtxMutexOwnerRestore                   0x0000090d   Thumb Code    66  rtx_mutex.o(.text.osRtxMutexOwnerRestore)
    osRtxPendSV_Handler                      0x00000951   Thumb Code   136  rtx_system.o(.text.osRtxPendSV_Handler)
    osRtxPostProcess                         0x000009dd   Thumb Code   108  rtx_system.o(.text.osRtxPostProcess)
    osRtxThreadDelayTick                     0x00000b49   Thumb Code    72  rtx_thread.o(.text.osRtxThreadDelayTick)
    osRtxThreadDispatch                      0x00000bb9   Thumb Code    80  rtx_thread.o(.text.osRtxThreadDispatch)
    osRtxThreadListGet                       0x00000c83   Thumb Code    18  rtx_thread.o(.text.osRtxThreadListGet)
    osRtxThreadListPut                       0x00000c95   Thumb Code    44  rtx_thread.o(.text.osRtxThreadListPut)
    osRtxThreadListRemove                    0x00000cc1   Thumb Code    20  rtx_thread.o(.text.osRtxThreadListRemove)
    osRtxThreadListSort                      0x00000ce1   Thumb Code    38  rtx_thread.o(.text.osRtxThreadListSort)
    osRtxThreadReadyPut                      0x00000d31   Thumb Code    16  rtx_thread.o(.text.osRtxThreadReadyPut)
    osRtxThreadRegPtr                        0x00000d45   Thumb Code     6  rtx_thread.o(.text.osRtxThreadRegPtr)
    osRtxThreadStartup                       0x00000d4d   Thumb Code    48  rtx_thread.o(.text.osRtxThreadStartup)
    osRtxThreadSwitch                        0x00000d89   Thumb Code    12  rtx_thread.o(.text.osRtxThreadSwitch)
    osRtxThreadWaitEnter                     0x00000d99   Thumb Code    56  rtx_thread.o(.text.osRtxThreadWaitEnter)
    osRtxThreadWaitExit                      0x00000dd5   Thumb Code    34  rtx_thread.o(.text.osRtxThreadWaitExit)
    osRtxTick_Handler                        0x00000df9   Thumb Code   116  rtx_system.o(.text.osRtxTick_Handler)
    osRtxTimerSetup                          0x00000e71   Thumb Code    24  rtx_timer.o(.text.osRtxTimerSetup)
    osRtxTimerThread                         0x00000e91   Thumb Code    32  rtx_timer.o(.text.osRtxTimerThread)
    osThreadExit                             0x00000f21   Thumb Code     8  rtx_thread.o(.text.osThreadExit)
    osThreadNew                              0x00000f2d   Thumb Code    32  rtx_thread.o(.text.osThreadNew)
    osThreadYield                            0x00000f51   Thumb Code    32  rtx_thread.o(.text.osThreadYield)
    Free                                     0x00001629   Thumb Code     6  uart.o(i.Free)
    FreeRcv                                  0x00001631   Thumb Code    28  uart.o(i.FreeRcv)
    FreeSnd                                  0x00001655   Thumb Code    28  uart.o(i.FreeSnd)
    GLCD_Clear                               0x00001679   Thumb Code    42  glcd_spi_lpc1700.o(i.GLCD_Clear)
    GLCD_ClearLn                             0x000016a3   Thumb Code    94  glcd_spi_lpc1700.o(i.GLCD_ClearLn)
    GLCD_DisplayChar                         0x00001701   Thumb Code    84  glcd_spi_lpc1700.o(i.GLCD_DisplayChar)
    GLCD_DisplayString                       0x0000175d   Thumb Code    40  glcd_spi_lpc1700.o(i.GLCD_DisplayString)
    GLCD_DrawChar                            0x00001785   Thumb Code   150  glcd_spi_lpc1700.o(i.GLCD_DrawChar)
    GLCD_Init                                0x00001821   Thumb Code  1506  glcd_spi_lpc1700.o(i.GLCD_Init)
    GLCD_SetBackColor                        0x00001e09   Thumb Code     6  glcd_spi_lpc1700.o(i.GLCD_SetBackColor)
    GLCD_SetWindow                           0x00001e15   Thumb Code   168  glcd_spi_lpc1700.o(i.GLCD_SetWindow)
    GLCD_WindowMax                           0x00001ec1   Thumb Code    18  glcd_spi_lpc1700.o(i.GLCD_WindowMax)
    LED_Thread                               0x00001ed5   Thumb Code    74  p2_main.o(i.LED_Thread)
    SystemInit                               0x00001f25   Thumb Code   302  system_lpc17xx.o(i.SystemInit)
    UART0_IRQHandler                         0x00002065   Thumb Code    88  uart.o(i.UART0_IRQHandler)
    UART1_IRQHandler                         0x000020cd   Thumb Code    90  uart.o(i.UART1_IRQHandler)
    UARTInit                                 0x0000213d   Thumb Code   176  uart.o(i.UARTInit)
    UARTSendChar                             0x000021f9   Thumb Code    26  uart.o(i.UARTSendChar)
    __0printf$5                              0x0000221d   Thumb Code    22  printf5.o(i.__0printf$5)
    __1printf$5                              0x0000221d   Thumb Code     0  printf5.o(i.__0printf$5)
    __2printf                                0x0000221d   Thumb Code     0  printf5.o(i.__0printf$5)
    __scatterload_copy                       0x0000225f   Thumb Code    14  handlers.o(i.__scatterload_copy)
    __scatterload_null                       0x0000226d   Thumb Code     2  handlers.o(i.__scatterload_null)
    __scatterload_zeroinit                   0x0000226f   Thumb Code    14  handlers.o(i.__scatterload_zeroinit)
    analog                                   0x0000253d   Thumb Code    94  p2_main.o(i.analog)
    analog_Thread                            0x000025b1   Thumb Code     8  p2_main.o(i.analog_Thread)
    fputc                                    0x000025c7   Thumb Code    14  retarget.o(i.fputc)
    getFrequency                             0x000025d5   Thumb Code    62  uart.o(i.getFrequency)
    joyStick_Thread                          0x0000261d   Thumb Code   366  p2_main.o(i.joyStick_Thread)
    main                                     0x00002795   Thumb Code   180  p2_main.o(i.main)
    osRtxErrorNotify                         0x0000285d   Thumb Code    32  rtx_config.o(i.osRtxErrorNotify)
    osRtxIdleThread                          0x0000287d   Thumb Code     4  rtx_config.o(i.osRtxIdleThread)
    sendchar                                 0x00002955   Thumb Code    64  retarget.o(i.sendchar)
    Font_6x8_h                               0x00002ad0   Data         896  glcd_spi_lpc1700.o(.constdata)
    Font_16x24_h                             0x00002e50   Data        5376  glcd_spi_lpc1700.o(.constdata)
    irqRtxLibRef                             0x0000441c   Data           4  rtx_lib.o(.constdata)
    osRtxUserSVC                             0x00004420   Data           4  rtx_lib.o(.constdata)
    osRtxConfig                              0x00004424   Data         112  rtx_lib.o(.rodata)
    os_cb_sections                           0x00004494   Data          56  rtx_lib.o(.rodata)
    irqRtxLib                                0x000044cc   Number         0  irq_armv7m.o(.rodata)
    Region$$Table$$Base                      0x000044dc   Number         0  anon$$obj.o(Region$$Table)
    Region$$Table$$Limit                     0x000044fc   Number         0  anon$$obj.o(Region$$Table)
    .bss.os.msgqueue.cb$$Base                0x10002040   Number         0  rtx_lib.o(.bss.os.msgqueue.cb)
    .bss.os.msgqueue.cb$$Limit               0x10002074   Number         0  rtx_lib.o(.bss.os.msgqueue.cb)
    .bss.os.thread.cb$$Base                  0x100020c4   Number         0  rtx_lib.o(.bss.os.thread.cb)
    .bss.os.thread.cb$$Limit                 0x1000214c   Number         0  rtx_lib.o(.bss.os.thread.cb)
    uart_init_called                         0x10002558   Data           1  retarget.o(.data)
    __stdout                                 0x1000255c   Data           4  retarget.o(.data)
    __stdin                                  0x10002560   Data           4  retarget.o(.data)
    ITM_RxBuffer                             0x10002564   Data           4  uart.o(.data)
    UART0Status                              0x10002568   Data           4  uart.o(.data)
    UART1Status                              0x1000256c   Data           4  uart.o(.data)
    UART0TxEmpty                             0x10002570   Data           1  uart.o(.data)
    UART1TxEmpty                             0x10002571   Data           1  uart.o(.data)
    UART0Count                               0x10002574   Data           4  uart.o(.data)
    UART1Count                               0x10002578   Data           4  uart.o(.data)
    RcvLock0                                 0x1000257c   Data           1  uart.o(.data)
    SndLock0                                 0x1000257d   Data           1  uart.o(.data)
    RcvLock1                                 0x1000257e   Data           1  uart.o(.data)
    SndLock1                                 0x1000257f   Data           1  uart.o(.data)
    i                                        0x10002580   Data           4  uart.o(.data)
    SystemCoreClock                          0x10002584   Data           4  system_lpc17xx.o(.data)
    osRtxInfo                                0x10002588   Data         164  rtx_kernel.o(.data.os)
    UART0Buffer                              0x1000262c   Data          64  uart.o(.bss)
    UART1Buffer                              0x1000266c   Data          64  uart.o(.bss)
    __initial_sp                             0x100046b0   Data           0  startup_lpc17xx.o(STACK)



==============================================================================

Memory Map of the image

  Image Entry point : 0x000000e1

  Load Region LR_1 (Base: 0x00000000, Size: 0x00006b28, Max: 0xffffffff, ABSOLUTE, COMPRESSED[0x00004564])

    Execution Region ER_RO (Exec base: 0x00000000, Load base: 0x00000000, Size: 0x000044fc, Max: 0xffffffff, ABSOLUTE)

    Exec Addr    Load Addr    Size         Type   Attr      Idx    E Section Name        Object

    0x00000000   0x00000000   0x000000cc   Data   RO          664    RESET               startup_lpc17xx.o
    0x000000cc   0x000000cc   0x00000000   Code   RO         1194  * .ARM.Collect$$$$00000000  mc_w.l(entry.o)
    0x000000cc   0x000000cc   0x00000004   Code   RO         1466    .ARM.Collect$$$$00000001  mc_w.l(entry2.o)
    0x000000d0   0x000000d0   0x00000004   Code   RO         1469    .ARM.Collect$$$$00000004  mc_w.l(entry5.o)
    0x000000d4   0x000000d4   0x00000000   Code   RO         1471    .ARM.Collect$$$$00000008  mc_w.l(entry7b.o)
    0x000000d4   0x000000d4   0x00000000   Code   RO         1473    .ARM.Collect$$$$0000000A  mc_w.l(entry8b.o)
    0x000000d4   0x000000d4   0x00000008   Code   RO         1474    .ARM.Collect$$$$0000000B  mc_w.l(entry9a.o)
    0x000000dc   0x000000dc   0x00000000   Code   RO         1476    .ARM.Collect$$$$0000000D  mc_w.l(entry10a.o)
    0x000000dc   0x000000dc   0x00000000   Code   RO         1478    .ARM.Collect$$$$0000000F  mc_w.l(entry11a.o)
    0x000000dc   0x000000dc   0x00000004   Code   RO         1467    .ARM.Collect$$$$00002712  mc_w.l(entry2.o)
    0x000000e0   0x000000e0   0x00000024   Code   RO          666  * .text               startup_lpc17xx.o
    0x00000104   0x00000104   0x00000094   Code   RO          984    .text               RTX_CM3.lib(irq_armv7m.o)
    0x00000198   0x00000198   0x00000062   Code   RO         1197    .text               mc_w.l(uldiv.o)
    0x000001fa   0x000001fa   0x00000024   Code   RO         1199    .text               mc_w.l(memcpya.o)
    0x0000021e   0x0000021e   0x00000024   Code   RO         1201    .text               mc_w.l(memseta.o)
    0x00000242   0x00000242   0x0000001e   Code   RO         1482    .text               mc_w.l(llshl.o)
    0x00000260   0x00000260   0x00000020   Code   RO         1484    .text               mc_w.l(llushr.o)
    0x00000280   0x00000280   0x00000024   Code   RO         1497    .text               mc_w.l(init.o)
    0x000002a4   0x000002a4   0x0000003a   Code   RO         1511    .text               mc_w.l(__dczerorl.o)
    0x000002de   0x000002de   0x0000001c   Code   RO         1128    .text.MessageQueueRemove  RTX_CM3.lib(rtx_msgqueue.o)
    0x000002fa   0x000002fa   0x00000002   Code   RO          709    .text.osRtxKernelPreInit  RTX_CM3.lib(rtx_kernel.o)
    0x000002fc   0x000002fc   0x00000004   Code   RO          665    .ARM.__at_0x02FC    startup_lpc17xx.o
    0x00000300   0x00000300   0x00000040   Code   RO         1136    .text.MessageQueueGet  RTX_CM3.lib(rtx_msgqueue.o)
    0x00000340   0x00000340   0x00000058   Code   RO         1130    .text.MessageQueuePut  RTX_CM3.lib(rtx_msgqueue.o)
    0x00000398   0x00000398   0x0000000c   Code   RO         1174    .text.OS_Tick_AcknowledgeIRQ  RTX_CM3.lib(os_systick.o)
    0x000003a4   0x000003a4   0x0000002c   Code   RO         1170    .text.OS_Tick_Enable  RTX_CM3.lib(os_systick.o)
    0x000003d0   0x000003d0   0x00000006   Code   RO         1176    .text.OS_Tick_GetIRQn  RTX_CM3.lib(os_systick.o)
    0x000003d6   0x000003d6   0x00000002   PAD
    0x000003d8   0x000003d8   0x00000040   Code   RO         1168    .text.OS_Tick_Setup  RTX_CM3.lib(os_systick.o)
    0x00000418   0x00000418   0x0000000c   Code   RO          767    .text.OUTLINED_FUNCTION_0  RTX_CM3.lib(rtx_kernel.o)
    0x00000424   0x00000424   0x00000006   Code   RO          909    .text.OUTLINED_FUNCTION_0  RTX_CM3.lib(rtx_thread.o)
    0x0000042a   0x0000042a   0x0000000c   Code   RO         1144    .text.OUTLINED_FUNCTION_0  RTX_CM3.lib(rtx_msgqueue.o)
    0x00000436   0x00000436   0x00000006   Code   RO          769    .text.OUTLINED_FUNCTION_1  RTX_CM3.lib(rtx_kernel.o)
    0x0000043c   0x0000043c   0x00000064   Code   RO          861    .text.ThreadFlagsCheck  RTX_CM3.lib(rtx_thread.o)
    0x000004a0   0x000004a0   0x00000048   Code   RO          961    .text.TimerInsert   RTX_CM3.lib(rtx_timer.o)
    0x000004e8   0x000004e8   0x00000024   Code   RO          927    .text.osDelay       RTX_CM3.lib(rtx_delay.o)
    0x0000050c   0x0000050c   0x0000002c   Code   RO          713    .text.osKernelInitialize  RTX_CM3.lib(rtx_kernel.o)
    0x00000538   0x00000538   0x00000024   Code   RO          723    .text.osKernelStart  RTX_CM3.lib(rtx_kernel.o)
    0x0000055c   0x0000055c   0x00000070   Code   RO         1104    .text.osMessageQueueGet  RTX_CM3.lib(rtx_msgqueue.o)
    0x000005cc   0x000005cc   0x00000080   Code   RO         1102    .text.osMessageQueuePut  RTX_CM3.lib(rtx_msgqueue.o)
    0x0000064c   0x0000064c   0x00000004   Code   RO          711    .text.osRtxKernelErrorNotify  RTX_CM3.lib(rtx_kernel.o)
    0x00000650   0x00000650   0x0000006c   Code   RO         1030    .text.osRtxMemoryAlloc  RTX_CM3.lib(rtx_memory.o)
    0x000006bc   0x000006bc   0x00000042   Code   RO         1032    .text.osRtxMemoryFree  RTX_CM3.lib(rtx_memory.o)
    0x000006fe   0x000006fe   0x00000036   Code   RO         1028    .text.osRtxMemoryInit  RTX_CM3.lib(rtx_memory.o)
    0x00000734   0x00000734   0x0000003a   Code   RO         1044    .text.osRtxMemoryPoolAlloc  RTX_CM3.lib(rtx_mempool.o)
    0x0000076e   0x0000076e   0x0000004a   Code   RO         1046    .text.osRtxMemoryPoolFree  RTX_CM3.lib(rtx_mempool.o)
    0x000007b8   0x000007b8   0x00000038   Code   RO         1042    .text.osRtxMemoryPoolInit  RTX_CM3.lib(rtx_mempool.o)
    0x000007f0   0x000007f0   0x000000aa   Code   RO         1126    .text.osRtxMessageQueuePostProcess  RTX_CM3.lib(rtx_msgqueue.o)
    0x0000089a   0x0000089a   0x00000002   PAD
    0x0000089c   0x0000089c   0x00000028   Code   RO         1094    .text.osRtxMessageQueueTimerSetup  RTX_CM3.lib(rtx_msgqueue.o)
    0x000008c4   0x000008c4   0x00000048   Code   RO          992    .text.osRtxMutexOwnerRelease  RTX_CM3.lib(rtx_mutex.o)
    0x0000090c   0x0000090c   0x00000042   Code   RO          994    .text.osRtxMutexOwnerRestore  RTX_CM3.lib(rtx_mutex.o)
    0x0000094e   0x0000094e   0x00000002   PAD
    0x00000950   0x00000950   0x0000008c   Code   RO         1156    .text.osRtxPendSV_Handler  RTX_CM3.lib(rtx_system.o)
    0x000009dc   0x000009dc   0x00000074   Code   RO         1158    .text.osRtxPostProcess  RTX_CM3.lib(rtx_system.o)
    0x00000a50   0x00000a50   0x00000038   Code   RO          801    .text.osRtxThreadBlock  RTX_CM3.lib(rtx_thread.o)
    0x00000a88   0x00000a88   0x00000080   Code   RO          809    .text.osRtxThreadDelayInsert  RTX_CM3.lib(rtx_thread.o)
    0x00000b08   0x00000b08   0x00000040   Code   RO          805    .text.osRtxThreadDelayRemove  RTX_CM3.lib(rtx_thread.o)
    0x00000b48   0x00000b48   0x0000004c   Code   RO          791    .text.osRtxThreadDelayTick  RTX_CM3.lib(rtx_thread.o)
    0x00000b94   0x00000b94   0x00000024   Code   RO          893    .text.osRtxThreadDestroy  RTX_CM3.lib(rtx_thread.o)
    0x00000bb8   0x00000bb8   0x00000054   Code   RO          799    .text.osRtxThreadDispatch  RTX_CM3.lib(rtx_thread.o)
    0x00000c0c   0x00000c0c   0x00000058   Code   RO          885    .text.osRtxThreadFree  RTX_CM3.lib(rtx_thread.o)
    0x00000c64   0x00000c64   0x0000001e   Code   RO          891    .text.osRtxThreadJoinWakeup  RTX_CM3.lib(rtx_thread.o)
    0x00000c82   0x00000c82   0x00000012   Code   RO          783    .text.osRtxThreadListGet  RTX_CM3.lib(rtx_thread.o)
    0x00000c94   0x00000c94   0x0000002c   Code   RO          781    .text.osRtxThreadListPut  RTX_CM3.lib(rtx_thread.o)
    0x00000cc0   0x00000cc0   0x00000014   Code   RO          787    .text.osRtxThreadListRemove  RTX_CM3.lib(rtx_thread.o)
    0x00000cd4   0x00000cd4   0x0000000c   Code   RO          793    .text.osRtxThreadListRoot  RTX_CM3.lib(rtx_thread.o)
    0x00000ce0   0x00000ce0   0x00000026   Code   RO          785    .text.osRtxThreadListSort  RTX_CM3.lib(rtx_thread.o)
    0x00000d06   0x00000d06   0x00000028   Code   RO          859    .text.osRtxThreadPostProcess  RTX_CM3.lib(rtx_thread.o)
    0x00000d2e   0x00000d2e   0x00000002   PAD
    0x00000d30   0x00000d30   0x00000014   Code   RO          789    .text.osRtxThreadReadyPut  RTX_CM3.lib(rtx_thread.o)
    0x00000d44   0x00000d44   0x00000006   Code   RO          795    .text.osRtxThreadRegPtr  RTX_CM3.lib(rtx_thread.o)
    0x00000d4a   0x00000d4a   0x00000002   PAD
    0x00000d4c   0x00000d4c   0x0000003c   Code   RO          811    .text.osRtxThreadStartup  RTX_CM3.lib(rtx_thread.o)
    0x00000d88   0x00000d88   0x00000010   Code   RO          797    .text.osRtxThreadSwitch  RTX_CM3.lib(rtx_thread.o)
    0x00000d98   0x00000d98   0x0000003c   Code   RO          807    .text.osRtxThreadWaitEnter  RTX_CM3.lib(rtx_thread.o)
    0x00000dd4   0x00000dd4   0x00000022   Code   RO          803    .text.osRtxThreadWaitExit  RTX_CM3.lib(rtx_thread.o)
    0x00000df6   0x00000df6   0x00000002   PAD
    0x00000df8   0x00000df8   0x00000078   Code   RO         1154    .text.osRtxTick_Handler  RTX_CM3.lib(rtx_system.o)
    0x00000e70   0x00000e70   0x00000020   Code   RO          943    .text.osRtxTimerSetup  RTX_CM3.lib(rtx_timer.o)
    0x00000e90   0x00000e90   0x00000020   Code   RO          947    .text.osRtxTimerThread  RTX_CM3.lib(rtx_timer.o)
    0x00000eb0   0x00000eb0   0x00000070   Code   RO          945    .text.osRtxTimerTick  RTX_CM3.lib(rtx_timer.o)
    0x00000f20   0x00000f20   0x0000000c   Code   RO          843    .text.osThreadExit  RTX_CM3.lib(rtx_thread.o)
    0x00000f2c   0x00000f2c   0x00000024   Code   RO          815    .text.osThreadNew   RTX_CM3.lib(rtx_thread.o)
    0x00000f50   0x00000f50   0x00000024   Code   RO          833    .text.osThreadYield  RTX_CM3.lib(rtx_thread.o)
    0x00000f74   0x00000f74   0x00000016   Code   RO          931    .text.svcRtxDelay   RTX_CM3.lib(rtx_delay.o)
    0x00000f8a   0x00000f8a   0x00000002   PAD
    0x00000f8c   0x00000f8c   0x00000100   Code   RO          751    .text.svcRtxKernelInitialize  RTX_CM3.lib(rtx_kernel.o)
    0x0000108c   0x0000108c   0x00000088   Code   RO          753    .text.svcRtxKernelStart  RTX_CM3.lib(rtx_kernel.o)
    0x00001114   0x00001114   0x000000d8   Code   RO         1138    .text.svcRtxMessageQueueGet  RTX_CM3.lib(rtx_msgqueue.o)
    0x000011ec   0x000011ec   0x00000118   Code   RO         1096    .text.svcRtxMessageQueueNew  RTX_CM3.lib(rtx_msgqueue.o)
    0x00001304   0x00001304   0x000000b4   Code   RO         1134    .text.svcRtxMessageQueuePut  RTX_CM3.lib(rtx_msgqueue.o)
    0x000013b8   0x000013b8   0x0000004c   Code   RO          889    .text.svcRtxThreadExit  RTX_CM3.lib(rtx_thread.o)
    0x00001404   0x00001404   0x000001ec   Code   RO          813    .text.svcRtxThreadNew  RTX_CM3.lib(rtx_thread.o)
    0x000015f0   0x000015f0   0x00000038   Code   RO          875    .text.svcRtxThreadYield  RTX_CM3.lib(rtx_thread.o)
    0x00001628   0x00001628   0x00000006   Code   RO          395    i.Free              uart.o
    0x0000162e   0x0000162e   0x00000002   PAD
    0x00001630   0x00001630   0x00000024   Code   RO          396    i.FreeRcv           uart.o
    0x00001654   0x00001654   0x00000024   Code   RO          397    i.FreeSnd           uart.o
    0x00001678   0x00001678   0x0000002a   Code   RO          144    i.GLCD_Clear        glcd_spi_lpc1700.o
    0x000016a2   0x000016a2   0x0000005e   Code   RO          145    i.GLCD_ClearLn      glcd_spi_lpc1700.o
    0x00001700   0x00001700   0x0000005c   Code   RO          146    i.GLCD_DisplayChar  glcd_spi_lpc1700.o
    0x0000175c   0x0000175c   0x00000028   Code   RO          147    i.GLCD_DisplayString  glcd_spi_lpc1700.o
    0x00001784   0x00001784   0x0000009c   Code   RO          148    i.GLCD_DrawChar     glcd_spi_lpc1700.o
    0x00001820   0x00001820   0x000005e8   Code   RO          149    i.GLCD_Init         glcd_spi_lpc1700.o
    0x00001e08   0x00001e08   0x0000000c   Code   RO          152    i.GLCD_SetBackColor  glcd_spi_lpc1700.o
    0x00001e14   0x00001e14   0x000000ac   Code   RO          154    i.GLCD_SetWindow    glcd_spi_lpc1700.o
    0x00001ec0   0x00001ec0   0x00000012   Code   RO          155    i.GLCD_WindowMax    glcd_spi_lpc1700.o
    0x00001ed2   0x00001ed2   0x00000002   PAD
    0x00001ed4   0x00001ed4   0x00000050   Code   RO          509    i.LED_Thread        p2_main.o
    0x00001f24   0x00001f24   0x00000140   Code   RO          676    i.SystemInit        system_lpc17xx.o
    0x00002064   0x00002064   0x00000068   Code   RO          401    i.UART0_IRQHandler  uart.o
    0x000020cc   0x000020cc   0x00000070   Code   RO          402    i.UART1_IRQHandler  uart.o
    0x0000213c   0x0000213c   0x000000bc   Code   RO          403    i.UARTInit          uart.o
    0x000021f8   0x000021f8   0x00000024   Code   RO          407    i.UARTSendChar      uart.o
    0x0000221c   0x0000221c   0x00000020   Code   RO         1338    i.__0printf$5       mc_w.l(printf5.o)
    0x0000223c   0x0000223c   0x00000022   Code   RO          408    i.__NVIC_EnableIRQ  uart.o
    0x0000225e   0x0000225e   0x0000000e   Code   RO         1505    i.__scatterload_copy  mc_w.l(handlers.o)
    0x0000226c   0x0000226c   0x00000002   Code   RO         1506    i.__scatterload_null  mc_w.l(handlers.o)
    0x0000226e   0x0000226e   0x0000000e   Code   RO         1507    i.__scatterload_zeroinit  mc_w.l(handlers.o)
    0x0000227c   0x0000227c   0x000002c0   Code   RO         1345    i._printf_core      mc_w.l(printf5.o)
    0x0000253c   0x0000253c   0x00000074   Code   RO          510    i.analog            p2_main.o
    0x000025b0   0x000025b0   0x00000008   Code   RO          511    i.analog_Thread     p2_main.o
    0x000025b8   0x000025b8   0x0000000e   Code   RO          158    i.delay             glcd_spi_lpc1700.o
    0x000025c6   0x000025c6   0x0000000e   Code   RO          332    i.fputc             retarget.o
    0x000025d4   0x000025d4   0x00000048   Code   RO          409    i.getFrequency      uart.o
    0x0000261c   0x0000261c   0x00000178   Code   RO          512    i.joyStick_Thread   p2_main.o
    0x00002794   0x00002794   0x000000c8   Code   RO          515    i.main              p2_main.o
    0x0000285c   0x0000285c   0x00000020   Code   RO          631    i.osRtxErrorNotify  rtx_config.o
    0x0000287c   0x0000287c   0x00000004   Code   RO          632    i.osRtxIdleThread   rtx_config.o
    0x00002880   0x00002880   0x0000008c   Code   RO          159    i.rd_id_man         glcd_spi_lpc1700.o
    0x0000290c   0x0000290c   0x00000048   Code   RO          160    i.rd_reg            glcd_spi_lpc1700.o
    0x00002954   0x00002954   0x00000044   Code   RO          334    i.sendchar          retarget.o
    0x00002998   0x00002998   0x00000020   Code   RO          161    i.spi_tran          glcd_spi_lpc1700.o
    0x000029b8   0x000029b8   0x00000080   Code   RO          162    i.spi_tran_man      glcd_spi_lpc1700.o
    0x00002a38   0x00002a38   0x00000028   Code   RO          163    i.wr_cmd            glcd_spi_lpc1700.o
    0x00002a60   0x00002a60   0x00000028   Code   RO          164    i.wr_dat            glcd_spi_lpc1700.o
    0x00002a88   0x00002a88   0x00000012   Code   RO          165    i.wr_dat_only       glcd_spi_lpc1700.o
    0x00002a9a   0x00002a9a   0x00000002   PAD
    0x00002a9c   0x00002a9c   0x00000014   Code   RO          166    i.wr_dat_start      glcd_spi_lpc1700.o
    0x00002ab0   0x00002ab0   0x0000000c   Code   RO          167    i.wr_dat_stop       glcd_spi_lpc1700.o
    0x00002abc   0x00002abc   0x00000014   Code   RO          168    i.wr_reg            glcd_spi_lpc1700.o
    0x00002ad0   0x00002ad0   0x00001880   Data   RO          169    .constdata          glcd_spi_lpc1700.o
    0x00004350   0x00004350   0x0000006c   Data   RO          517    .constdata          p2_main.o
    0x000043bc   0x000043bc   0x00000068   Data   RO          589    .constdata          rtx_lib.o
    0x00004424   0x00004424   0x000000a8   Data   RO          590    .rodata             rtx_lib.o
    0x000044cc   0x000044cc   0x00000001   Data   RO          985    .rodata             RTX_CM3.lib(irq_armv7m.o)
    0x000044cd   0x000044cd   0x00000003   PAD
    0x000044d0   0x000044d0   0x0000000b   Data   RO          771    .rodata.str1.4      RTX_CM3.lib(rtx_kernel.o)
    0x000044db   0x000044db   0x00000001   PAD
    0x000044dc   0x000044dc   0x00000020   Data   RO         1503    Region$$Table       anon$$obj.o


    Execution Region ER_RW (Exec base: 0x10000000, Load base: 0x000044fc, Size: 0x0000262c, Max: 0xffffffff, ABSOLUTE, COMPRESSED[0x00000068])

    Exec Addr    Load Addr    Size         Type   Attr      Idx    E Section Name        Object

    0x10000000   COMPRESSED   0x00002040   Data   RW          583    .bss.os             rtx_lib.o
    0x10002040   COMPRESSED   0x00000034   Data   RW          584    .bss.os.msgqueue.cb  rtx_lib.o
    0x10002074   COMPRESSED   0x00000050   Data   RW          585    .bss.os.msgqueue.mem  rtx_lib.o
    0x100020c4   COMPRESSED   0x00000088   Data   RW          586    .bss.os.thread.cb   rtx_lib.o
    0x1000214c   COMPRESSED   0x00000004   PAD
    0x10002150   COMPRESSED   0x00000200   Data   RW          587    .bss.os.thread.idle.stack  rtx_lib.o
    0x10002350   COMPRESSED   0x00000200   Data   RW          588    .bss.os.thread.timer.stack  rtx_lib.o
    0x10002550   COMPRESSED   0x00000005   Data   RW          170    .data               glcd_spi_lpc1700.o
    0x10002555   COMPRESSED   0x00000003   PAD
    0x10002558   COMPRESSED   0x0000000c   Data   RW          335    .data               retarget.o
    0x10002564   COMPRESSED   0x00000020   Data   RW          411    .data               uart.o
    0x10002584   COMPRESSED   0x00000004   Data   RW          677    .data               system_lpc17xx.o
    0x10002588   COMPRESSED   0x000000a4   Data   RW          772    .data.os            RTX_CM3.lib(rtx_kernel.o)


    Execution Region ER_ZI (Exec base: 0x1000262c, Load base: 0x00004564, Size: 0x00002084, Max: 0xffffffff, ABSOLUTE)

    Exec Addr    Load Addr    Size         Type   Attr      Idx    E Section Name        Object

    0x1000262c        -       0x00000080   Zero   RW          410    .bss                uart.o
    0x100026ac        -       0x00000001   Zero   RW         1186    .bss.os             RTX_CM3.lib(os_systick.o)
    0x100026ad   0x00004564   0x00000003   PAD
    0x100026b0        -       0x00002000   Zero   RW          662    STACK               startup_lpc17xx.o


==============================================================================

Image component sizes


      Code (inc. data)   RO Data    RW Data    ZI Data      Debug   Object Name

         0          0          0          0          0       4556   glcd_scroll.o
      2674         88       6272          5          0      30600   glcd_spi_lpc1700.o
       780         58        108          0          0       6491   p2_main.o
        82          4          0         12          0       2914   retarget.o
        36          6          0          0          0        989   rtx_config.o
         0          0        272       9548          0       9058   rtx_lib.o
        40         12        204          0       8192       1024   startup_lpc17xx.o
       320         18          0          4          0        839   system_lpc17xx.o
       624         86          0         32        128       5855   uart.o

    ----------------------------------------------------------------------
      4562        272       6888       9608       8320      62326   Object Totals
         0          0         32          0          0          0   (incl. Generated)
         6          0          0          7          0          0   (incl. Padding)

    ----------------------------------------------------------------------

      Code (inc. data)   RO Data    RW Data    ZI Data      Debug   Library Member Name

       148          8          1          0          0        591   irq_armv7m.o
       126         32          0          0          1       3197   os_systick.o
        58          4          0          0          0       2791   rtx_delay.o
       496         36         11        164          0      16501   rtx_kernel.o
       228          0          0          0          0       2537   rtx_memory.o
       188          0          0          0          0      16008   rtx_mempool.o
      1318         32          0          0          0      18657   rtx_msgqueue.o
       138          0          0          0          0       9962   rtx_mutex.o
       376         26          0          0          0       5296   rtx_system.o
      1744         92          0          0          0      31735   rtx_thread.o
       248         16          0          0          0      10397   rtx_timer.o
        58          0          0          0          0          0   __dczerorl.o
         0          0          0          0          0          0   entry.o
         0          0          0          0          0          0   entry10a.o
         0          0          0          0          0          0   entry11a.o
         8          4          0          0          0          0   entry2.o
         4          0          0          0          0          0   entry5.o
         0          0          0          0          0          0   entry7b.o
         0          0          0          0          0          0   entry8b.o
         8          4          0          0          0          0   entry9a.o
        30          0          0          0          0          0   handlers.o
        36          8          0          0          0         68   init.o
        30          0          0          0          0         68   llshl.o
        32          0          0          0          0         68   llushr.o
        36          0          0          0          0         68   memcpya.o
        36          0          0          0          0        108   memseta.o
       736         56          0          0          0        184   printf5.o
        98          0          0          0          0         92   uldiv.o

    ----------------------------------------------------------------------
      6194        318         16        164          4     118328   Library Totals
        14          0          4          0          3          0   (incl. Padding)

    ----------------------------------------------------------------------

      Code (inc. data)   RO Data    RW Data    ZI Data      Debug   Library Name

      5068        246         12        164          1     117672   RTX_CM3.lib
      1112         72          0          0          0        656   mc_w.l

    ----------------------------------------------------------------------
      6194        318         16        164          4     118328   Library Totals

    ----------------------------------------------------------------------

==============================================================================


      Code (inc. data)   RO Data    RW Data    ZI Data      Debug   

     10756        590       6904       9772       8324     178558   Grand Totals
     10756        590       6904        104       8324     178558   ELF Image Totals (compressed)
     10756        590       6904        104          0          0   ROM Totals

==============================================================================

    Total RO  Size (Code + RO Data)                17660 (  17.25kB)
    Total RW  Size (RW Data + ZI Data)             18096 (  17.67kB)
    Total ROM Size (Code + RO Data + RW Data)      17764 (  17.35kB)

==============================================================================

